#
# There is insufficient memory for the Java Runtime Environment to continue.
# Native memory allocation (malloc) failed to allocate 1560016 bytes. Error detail: Chunk::new
# Possible reasons:
#   The system is out of physical RAM or swap space
#   This process is running with CompressedOops enabled, and the Java Heap may be blocking the growth of the native heap
# Possible solutions:
#   Reduce memory load on the system
#   Increase physical memory or swap space
#   Check if swap backing store is full
#   Decrease Java heap size (-Xmx/-Xms)
#   Decrease number of Java threads
#   Decrease Java thread stack sizes (-Xss)
#   Set larger code cache with -XX:ReservedCodeCacheSize=
#   JVM is running with Zero Based Compressed Oops mode in which the Java heap is
#     placed in the first 32GB address space. The Java Heap base address is the
#     maximum limit for the native heap growth. Please use -XX:HeapBaseMinAddress
#     to set the Java Heap base and to place the Java Heap above 32GB virtual address.
# This output file may be truncated or incomplete.
#
#  Out of Memory Error (arena.cpp:168), pid=16780, tid=21280
#
# JRE version: OpenJDK Runtime Environment Temurin-21.0.12.1+1 (21.0.12.1+1) (build 21.0.12.1+1-LTS)
# Java VM: OpenJDK 64-Bit Server VM Temurin-21.0.12.1+1 (21.0.12.1+1-LTS, mixed mode, sharing, tiered, compressed oops, compressed class ptrs, parallel gc, windows-amd64)
# No core dump will be written. Minidumps are not enabled by default on client versions of Windows
#

---------------  S U M M A R Y ------------

Command Line: --add-modules=ALL-SYSTEM --add-opens=java.base/java.util=ALL-UNNAMED --add-opens=java.base/java.lang=ALL-UNNAMED --add-opens=java.base/sun.nio.fs=ALL-UNNAMED -Declipse.application=org.eclipse.jdt.ls.core.id1 -Dosgi.bundles.defaultStartLevel=4 -Declipse.product=org.eclipse.jdt.ls.core.product -Djava.import.generatesMetadataFilesAtProjectRoot=false -Dm2e.project.cache.size=50 -DDetectVMInstallationsJob.disabled=true -Dfile.encoding=utf8 -XX:+UseParallelGC -XX:GCTimeRatio=4 -XX:AdaptiveSizePolicyWeight=90 -Dsun.zip.disableMemoryMapping=true -Xmx4G -Xms100m -Xlog:disable -javaagent:c:\Users\55819\.vscode\extensions\redhat.java-1.56.0-win32-x64\lombok\lombok-1.18.39-4050.jar -XX:+HeapDumpOnOutOfMemoryError -XX:HeapDumpPath=c:\Users\55819\AppData\Roaming\Code\User\workspaceStorage\626599fb12614638a37c717de37c446c\redhat.java -Daether.dependencyCollector.impl=bf c:\Users\55819\.vscode\extensions\redhat.java-1.56.0-win32-x64\server\plugins\org.eclipse.equinox.launcher_1.8.0.v20260804-1928.jar -configuration c:\Users\55819\AppData\Roaming\Code\User\globalStorage\redhat.java\1.56.0\config_win -data c:\Users\55819\AppData\Roaming\Code\User\workspaceStorage\626599fb12614638a37c717de37c446c\redhat.java\jdt_ws --stdio

Host: Intel(R) Celeron(R) N4020 CPU @ 1.10GHz, 2 cores, 3G,  Windows 11 , 64 bit Build 26100 (10.0.26100.9444)
Time: Mon Sep 21 17:25:14 2026 Hora oficial do Brasil elapsed time: 117.820051 seconds (0d 0h 1m 57s)

---------------  T H R E A D  ---------------

Current thread (0x00000267f83a5c50):  JavaThread "C2 CompilerThread0" daemon [_thread_in_native, id=21280, stack(0x00000088ea000000,0x00000088ea100000) (1024K)]


Current CompileTask:
C2:117820 10729       4       org.eclipse.jdt.internal.compiler.parser.Parser::consumeRule (7843 bytes)

Stack: [0x00000088ea000000,0x00000088ea100000]
Native frames: (J=compiled Java code, j=interpreted, Vv=VM code, C=native code)
V  [jvm.dll+0x6d83e9]
V  [jvm.dll+0x8b5736]
V  [jvm.dll+0x8b7cee]
V  [jvm.dll+0x8b83d3]
V  [jvm.dll+0x284596]
V  [jvm.dll+0xc685d]
V  [jvm.dll+0xc6da1]
V  [jvm.dll+0x3bf151]
V  [jvm.dll+0x38b6d2]
V  [jvm.dll+0x38ab1a]
V  [jvm.dll+0x24c700]
V  [jvm.dll+0x24bce0]
V  [jvm.dll+0x1cb4ae]
V  [jvm.dll+0x25baad]
V  [jvm.dll+0x25a03a]
V  [jvm.dll+0x3f8aae]
V  [jvm.dll+0x8600cd]
V  [jvm.dll+0x6d6c1d]
C  [ucrtbase.dll+0x2cd30]
C  [KERNEL32.DLL+0x2cd87]
C  [ntdll.dll+0xacaec]


---------------  P R O C E S S  ---------------

Threads class SMR info:
_java_thread_list=0x00000267ff86b390, length=34, elements={
0x00000267dd08ce40, 0x00000267dd14ac50, 0x00000267dd14d5c0, 0x00000267f839fd80,
0x00000267f83a09e0, 0x00000267f83a3450, 0x00000267f83a3eb0, 0x00000267f83a5c50,
0x00000267f841ee10, 0x00000267f8c60570, 0x00000267f8dd0d30, 0x00000267fd2e1e70,
0x00000267fd4e4820, 0x00000267fd12e7d0, 0x00000267fd1d25d0, 0x00000267fdb38f00,
0x00000267fdf2f800, 0x00000267fd7074c0, 0x00000267fd65a040, 0x00000267fd65ad60,
0x00000267fd65a6d0, 0x00000267fd65b3f0, 0x00000267fd65ba80, 0x00000267fd65c7a0,
0x00000267fff3ad90, 0x00000267fff3ce60, 0x00000267fff3c140, 0x00000267fff3a070,
0x00000267fff3ef30, 0x00000267fddf6fc0, 0x00000267fddf7ce0, 0x00000267fddf5580,
0x00000267fddf4ef0, 0x00000267fddf8370
}

Java Threads: ( => current thread )
  0x00000267dd08ce40 JavaThread "main"                              [_thread_blocked, id=18532, stack(0x00000088e9600000,0x00000088e9700000) (1024K)]
  0x00000267dd14ac50 JavaThread "Reference Handler"          daemon [_thread_blocked, id=14580, stack(0x00000088e9a00000,0x00000088e9b00000) (1024K)]
  0x00000267dd14d5c0 JavaThread "Finalizer"                  daemon [_thread_blocked, id=11904, stack(0x00000088e9b00000,0x00000088e9c00000) (1024K)]
  0x00000267f839fd80 JavaThread "Signal Dispatcher"          daemon [_thread_blocked, id=4328, stack(0x00000088e9c00000,0x00000088e9d00000) (1024K)]
  0x00000267f83a09e0 JavaThread "Attach Listener"            daemon [_thread_blocked, id=8448, stack(0x00000088e9d00000,0x00000088e9e00000) (1024K)]
  0x00000267f83a3450 JavaThread "Service Thread"             daemon [_thread_blocked, id=7920, stack(0x00000088e9e00000,0x00000088e9f00000) (1024K)]
  0x00000267f83a3eb0 JavaThread "Monitor Deflation Thread"   daemon [_thread_blocked, id=16048, stack(0x00000088e9f00000,0x00000088ea000000) (1024K)]
=>0x00000267f83a5c50 JavaThread "C2 CompilerThread0"         daemon [_thread_in_native, id=21280, stack(0x00000088ea000000,0x00000088ea100000) (1024K)]
  0x00000267f841ee10 JavaThread "C1 CompilerThread0"         daemon [_thread_blocked, id=6508, stack(0x00000088ea100000,0x00000088ea200000) (1024K)]
  0x00000267f8c60570 JavaThread "Common-Cleaner"             daemon [_thread_blocked, id=8492, stack(0x00000088ea200000,0x00000088ea300000) (1024K)]
  0x00000267f8dd0d30 JavaThread "Notification Thread"        daemon [_thread_blocked, id=8268, stack(0x00000088ea300000,0x00000088ea400000) (1024K)]
  0x00000267fd2e1e70 JavaThread "Active Thread: Equinox Container: 981b79b9-21ec-4933-990f-7e29cd20f13b"        [_thread_blocked, id=20360, stack(0x00000088ea500000,0x00000088ea600000) (1024K)]
  0x00000267fd4e4820 JavaThread "Refresh Thread: Equinox Container: 981b79b9-21ec-4933-990f-7e29cd20f13b" daemon [_thread_blocked, id=7880, stack(0x00000088ea600000,0x00000088ea700000) (1024K)]
  0x00000267fd12e7d0 JavaThread "Framework Event Dispatcher: Equinox Container: 981b79b9-21ec-4933-990f-7e29cd20f13b" daemon [_thread_blocked, id=16968, stack(0x00000088ea700000,0x00000088ea800000) (1024K)]
  0x00000267fd1d25d0 JavaThread "Start Level: Equinox Container: 981b79b9-21ec-4933-990f-7e29cd20f13b" daemon [_thread_blocked, id=10052, stack(0x00000088ea800000,0x00000088ea900000) (1024K)]
  0x00000267fdb38f00 JavaThread "Bundle File Closer"         daemon [_thread_blocked, id=15576, stack(0x00000088ea900000,0x00000088eaa00000) (1024K)]
  0x00000267fdf2f800 JavaThread "SCR Component Actor"        daemon [_thread_blocked, id=13944, stack(0x00000088eaa00000,0x00000088eab00000) (1024K)]
  0x00000267fd7074c0 JavaThread "Worker-JM"                         [_thread_blocked, id=8980, stack(0x00000088eab00000,0x00000088eac00000) (1024K)]
  0x00000267fd65a040 JavaThread "JNA Cleaner"                daemon [_thread_blocked, id=9600, stack(0x00000088eac00000,0x00000088ead00000) (1024K)]
  0x00000267fd65ad60 JavaThread "Worker-0: Initialize workspace"        [_thread_in_native, id=20200, stack(0x00000088ead00000,0x00000088eae00000) (1024K)]
  0x00000267fd65a6d0 JavaThread "Worker-1"                          [_thread_blocked, id=17452, stack(0x00000088eae00000,0x00000088eaf00000) (1024K)]
  0x00000267fd65b3f0 JavaThread "Worker-2"                          [_thread_blocked, id=20020, stack(0x00000088eaf00000,0x00000088eb000000) (1024K)]
  0x00000267fd65ba80 JavaThread "Worker-3"                          [_thread_blocked, id=2208, stack(0x00000088eb000000,0x00000088eb100000) (1024K)]
  0x00000267fd65c7a0 JavaThread "Java indexing"              daemon [_thread_blocked, id=3940, stack(0x00000088eb100000,0x00000088eb200000) (1024K)]
  0x00000267fff3ad90 JavaThread "Worker-4: Publish Diagnostics"        [_thread_in_Java, id=17268, stack(0x00000088eb400000,0x00000088eb500000) (1024K)]
  0x00000267fff3ce60 JavaThread "pool-2-thread-1"                   [_thread_blocked, id=4952, stack(0x00000088eb500000,0x00000088eb600000) (1024K)]
  0x00000267fff3c140 JavaThread "WorkspaceEventsHandler"            [_thread_blocked, id=2272, stack(0x00000088eb600000,0x00000088eb700000) (1024K)]
  0x00000267fff3a070 JavaThread "pool-1-thread-1"                   [_thread_in_native, id=5996, stack(0x00000088eb700000,0x00000088eb800000) (1024K)]
  0x00000267fff3ef30 JavaThread "PatternSearchJob-worker-1"  daemon [_thread_blocked, id=12008, stack(0x00000088eb800000,0x00000088eb900000) (1024K)]
  0x00000267fddf6fc0 JavaThread "Thread-12"                         [_thread_in_native, id=7452, stack(0x00000088ec200000,0x00000088ec300000) (1024K)]
  0x00000267fddf7ce0 JavaThread "Thread-13"                         [_thread_blocked, id=8752, stack(0x00000088ec300000,0x00000088ec400000) (1024K)]
  0x00000267fddf5580 JavaThread "Thread-27"                         [_thread_blocked, id=11856, stack(0x00000088e9500000,0x00000088e9600000) (1024K)]
  0x00000267fddf4ef0 JavaThread "Thread-28"                         [_thread_in_Java, id=14360, stack(0x00000088e9400000,0x00000088e9500000) (1024K)]
  0x00000267fddf8370 JavaThread "Cleaner-0"                  daemon [_thread_blocked, id=19888, stack(0x00000088eb900000,0x00000088eba00000) (1024K)]
Total: 34

Other Threads:
  0x00000267f839dad0 VMThread "VM Thread"                           [id=20816, stack(0x00000088e9900000,0x00000088e9a00000) (1024K)]
  0x00000267f837cb00 WatcherThread "VM Periodic Task Thread"        [id=17744, stack(0x00000088e9800000,0x00000088e9900000) (1024K)]
  0x00000267dd0aafc0 WorkerThread "GC Thread#0"                     [id=13360, stack(0x00000088e9700000,0x00000088e9800000) (1024K)]
  0x00000267fd2b29d0 WorkerThread "GC Thread#1"                     [id=15628, stack(0x00000088ea400000,0x00000088ea500000) (1024K)]
Total: 4

Threads with active compile tasks:
C2 CompilerThread0  117897 10729       4       org.eclipse.jdt.internal.compiler.parser.Parser::consumeRule (7843 bytes)
Total: 1

VM state: not at safepoint (normal execution)

VM Mutex/Monitor currently owned by a thread: None

Heap address: 0x0000000700000000, size: 4096 MB, Compressed Oops mode: Zero based, Oop shift amount: 3

CDS archive(s) mapped at: [0x0000026780000000-0x0000026780ba0000-0x0000026780ba0000), size 12189696, SharedBaseAddress: 0x0000026780000000, ArchiveRelocationMode: 1.
Compressed class space mapped at: 0x0000026781000000-0x00000267c1000000, reserved size: 1073741824
Narrow klass base: 0x0000026780000000, Narrow klass shift: 0, Narrow klass range: 0x100000000

GC Precious Log:
 CardTable entry size: 512
 CPUs: 2 total, 2 available
 Memory: 3902M
 Large Page Support: Disabled
 NUMA Support: Disabled
 Compressed Oops: Enabled (Zero based)
 Alignments: Space 512K, Generation 512K, Heap 2M
 Heap Min Capacity: 100M
 Heap Initial Capacity: 100M
 Heap Max Capacity: 4G
 Pre-touch: Disabled
 Parallel Workers: 2

Heap:
 PSYoungGen      total 17920K, used 13760K [0x00000007aab00000, 0x00000007ad200000, 0x0000000800000000)
  eden space 14336K, 71% used [0x00000007aab00000,0x00000007ab5037c0,0x00000007ab900000)
  from space 3584K, 99% used [0x00000007ac280000,0x00000007ac5fb2c8,0x00000007ac600000)
  to   space 9728K, 0% used [0x00000007ab900000,0x00000007ab900000,0x00000007ac280000)
 ParOldGen       total 83968K, used 83565K [0x0000000700000000, 0x0000000705200000, 0x00000007aab00000)
  object space 83968K, 99% used [0x0000000700000000,0x000000070519b420,0x0000000705200000)
 Metaspace       used 65864K, committed 67328K, reserved 1114112K
  class space    used 6893K, committed 7488K, reserved 1048576K

Card table byte_map: [0x00000267ef290000,0x00000267efaa0000] _byte_map_base: 0x00000267eba90000

Marking Bits: (ParMarkBitMap*) 0x00007ffdf4db44a0
 Begin Bits: [0x00000267efaa0000, 0x00000267f3aa0000)
 End Bits:   [0x00000267f3aa0000, 0x00000267f7aa0000)

Polling page: 0x00000267dc850000

Metaspace:

Usage:
  Non-class:     57.59 MB used.
      Class:      6.73 MB used.
       Both:     64.32 MB used.

Virtual space:
  Non-class space:       64.00 MB reserved,      58.44 MB ( 91%) committed,  1 nodes.
      Class space:        1.00 GB reserved,       7.31 MB ( <1%) committed,  1 nodes.
             Both:        1.06 GB reserved,      65.75 MB (  6%) committed. 

Chunk freelists:
   Non-Class:  5.38 MB
       Class:  8.66 MB
        Both:  14.03 MB

MaxMetaspaceSize: unlimited
CompressedClassSpaceSize: 1.00 GB
Initial GC threshold: 21.00 MB
Current GC threshold: 97.31 MB
CDS: on
 - commit_granule_bytes: 65536.
 - commit_granule_words: 8192.
 - virtual_space_node_default_size: 8388608.
 - enlarge_chunks_in_place: 1.
 - use_allocation_guard: 0.


Internal statistics:

num_allocs_failed_limit: 9.
num_arena_births: 1182.
num_arena_deaths: 14.
num_vsnodes_births: 2.
num_vsnodes_deaths: 0.
num_space_committed: 1052.
num_space_uncommitted: 0.
num_chunks_returned_to_freelist: 23.
num_chunks_taken_from_freelist: 4267.
num_chunk_merges: 12.
num_chunk_splits: 2650.
num_chunks_enlarged: 1529.
num_inconsistent_stats: 0.

CodeHeap 'non-profiled nmethods': size=120064Kb used=8172Kb max_used=8172Kb free=111891Kb
 bounds [0x00000267e7d50000, 0x00000267e8550000, 0x00000267ef290000]
CodeHeap 'profiled nmethods': size=120000Kb used=23694Kb max_used=23694Kb free=96305Kb
 bounds [0x00000267e0290000, 0x00000267e19c0000, 0x00000267e77c0000]
CodeHeap 'non-nmethods': size=5696Kb used=1442Kb max_used=1497Kb free=4253Kb
 bounds [0x00000267e77c0000, 0x00000267e7a30000, 0x00000267e7d50000]
CodeCache: size=245760Kb, used=33308Kb, max_used=33363Kb, free=212449Kb
 total_blobs=10732, nmethods=9972, adapters=666, full_count=0
Compilation: enabled, stopped_count=0, restarted_count=0

Compilation events (20 events):
Event: 117.103 Thread 0x00000267f841ee10 nmethod 10724 0x00000267e19a4090 code [0x00000267e19a4240, 0x00000267e19a44d0]
Event: 117.185 Thread 0x00000267f841ee10 10725       3       java.lang.invoke.DelegatingMethodHandle$Holder::delegate (25 bytes)
Event: 117.186 Thread 0x00000267f841ee10 nmethod 10725 0x00000267e19a4610 code [0x00000267e19a47e0, 0x00000267e19a4d70]
Event: 117.186 Thread 0x00000267f841ee10 10726   !   3       java.lang.invoke.StringConcatFactory::makeConcatWithConstants (258 bytes)
Event: 117.189 Thread 0x00000267f841ee10 nmethod 10726 0x00000267e19a4e90 code [0x00000267e19a53c0, 0x00000267e19a75b0]
Event: 117.693 Thread 0x00000267f83a5c50 10727       4       org.eclipse.jdt.internal.compiler.lookup.PackageBinding::problemId (17 bytes)
Event: 117.694 Thread 0x00000267f83a5c50 nmethod 10727 0x00000267e854ab10 code [0x00000267e854aca0, 0x00000267e854ad60]
Event: 117.694 Thread 0x00000267f841ee10 10728       3       org.eclipse.jdt.internal.core.nd.util.CharArrayUtils::subarray (47 bytes)
Event: 117.694 Thread 0x00000267f841ee10 nmethod 10728 0x00000267e19a8510 code [0x00000267e19a86e0, 0x00000267e19a8a88]
Event: 117.703 Thread 0x00000267f83a5c50 10729       4       org.eclipse.jdt.internal.compiler.parser.Parser::consumeRule (7843 bytes)
Event: 117.715 Thread 0x00000267f841ee10 10730       3       org.eclipse.jdt.internal.compiler.parser.Parser::consumeSingleTypeImportDeclarationName (193 bytes)
Event: 117.715 Thread 0x00000267f841ee10 nmethod 10730 0x00000267e19a8b90 code [0x00000267e19a8da0, 0x00000267e19a9578]
Event: 117.718 Thread 0x00000267f841ee10 10731       3       org.eclipse.jdt.internal.compiler.util.JRTUtil::getClassfileContent (7 bytes)
Event: 117.718 Thread 0x00000267f841ee10 nmethod 10731 0x00000267e19a9810 code [0x00000267e19a99c0, 0x00000267e19a9b70]
Event: 117.737 Thread 0x00000267f841ee10 10732       3       lombok.eclipse.TransformEclipseAST$AnnotationVisitor::<init> (17 bytes)
Event: 117.738 Thread 0x00000267f841ee10 nmethod 10732 0x00000267e19a9c90 code [0x00000267e19a9e60, 0x00000267e19aa270]
Event: 117.773 Thread 0x00000267f841ee10 10733       3       java.util.regex.Pattern$BnM::optimize (179 bytes)
Event: 117.774 Thread 0x00000267f841ee10 nmethod 10733 0x00000267e19aa410 code [0x00000267e19aa660, 0x00000267e19ab290]
Event: 117.788 Thread 0x00000267f841ee10 10734   !   3       lombok.eclipse.HandlerLibrary::callASTVisitors (148 bytes)
Event: 117.791 Thread 0x00000267f841ee10 nmethod 10734 0x00000267e19ab690 code [0x00000267e19ab9c0, 0x00000267e19ad108]

GC Heap History (20 events):
Event: 76.979 GC heap before
{Heap before GC invocations=52 (full 3):
 PSYoungGen      total 21504K, used 20480K [0x00000007aab00000, 0x00000007ac380000, 0x0000000800000000)
  eden space 20480K, 100% used [0x00000007aab00000,0x00000007abf00000,0x00000007abf00000)
  from space 1024K, 0% used [0x00000007ac280000,0x00000007ac280000,0x00000007ac380000)
  to   space 1536K, 0% used [0x00000007ac080000,0x00000007ac080000,0x00000007ac200000)
 ParOldGen       total 68608K, used 55914K [0x0000000700000000, 0x0000000704300000, 0x00000007aab00000)
  object space 68608K, 81% used [0x0000000700000000,0x000000070369a880,0x0000000704300000)
 Metaspace       used 58745K, committed 60096K, reserved 1114112K
  class space    used 6275K, committed 6848K, reserved 1048576K
}
Event: 76.984 GC heap after
{Heap after GC invocations=52 (full 3):
 PSYoungGen      total 22016K, used 1505K [0x00000007aab00000, 0x00000007ac400000, 0x0000000800000000)
  eden space 20480K, 0% used [0x00000007aab00000,0x00000007aab00000,0x00000007abf00000)
  from space 1536K, 98% used [0x00000007ac080000,0x00000007ac1f85f0,0x00000007ac200000)
  to   space 2048K, 0% used [0x00000007ac200000,0x00000007ac200000,0x00000007ac400000)
 ParOldGen       total 68608K, used 56392K [0x0000000700000000, 0x0000000704300000, 0x00000007aab00000)
  object space 68608K, 82% used [0x0000000700000000,0x00000007037120f8,0x0000000704300000)
 Metaspace       used 58745K, committed 60096K, reserved 1114112K
  class space    used 6275K, committed 6848K, reserved 1048576K
}
Event: 78.742 GC heap before
{Heap before GC invocations=53 (full 3):
 PSYoungGen      total 22016K, used 21985K [0x00000007aab00000, 0x00000007ac400000, 0x0000000800000000)
  eden space 20480K, 100% used [0x00000007aab00000,0x00000007abf00000,0x00000007abf00000)
  from space 1536K, 98% used [0x00000007ac080000,0x00000007ac1f85f0,0x00000007ac200000)
  to   space 2048K, 0% used [0x00000007ac200000,0x00000007ac200000,0x00000007ac400000)
 ParOldGen       total 68608K, used 56392K [0x0000000700000000, 0x0000000704300000, 0x00000007aab00000)
  object space 68608K, 82% used [0x0000000700000000,0x00000007037120f8,0x0000000704300000)
 Metaspace       used 59376K, committed 60800K, reserved 1114112K
  class space    used 6331K, committed 6912K, reserved 1048576K
}
Event: 78.748 GC heap after
{Heap after GC invocations=53 (full 3):
 PSYoungGen      total 22016K, used 1394K [0x00000007aab00000, 0x00000007ac380000, 0x0000000800000000)
  eden space 20480K, 0% used [0x00000007aab00000,0x00000007aab00000,0x00000007abf00000)
  from space 1536K, 90% used [0x00000007ac200000,0x00000007ac35c9b8,0x00000007ac380000)
  to   space 2048K, 0% used [0x00000007abf80000,0x00000007abf80000,0x00000007ac180000)
 ParOldGen       total 68608K, used 57905K [0x0000000700000000, 0x0000000704300000, 0x00000007aab00000)
  object space 68608K, 84% used [0x0000000700000000,0x000000070388c6e8,0x0000000704300000)
 Metaspace       used 59376K, committed 60800K, reserved 1114112K
  class space    used 6331K, committed 6912K, reserved 1048576K
}
Event: 83.166 GC heap before
{Heap before GC invocations=54 (full 3):
 PSYoungGen      total 22016K, used 21874K [0x00000007aab00000, 0x00000007ac380000, 0x0000000800000000)
  eden space 20480K, 100% used [0x00000007aab00000,0x00000007abf00000,0x00000007abf00000)
  from space 1536K, 90% used [0x00000007ac200000,0x00000007ac35c9b8,0x00000007ac380000)
  to   space 2048K, 0% used [0x00000007abf80000,0x00000007abf80000,0x00000007ac180000)
 ParOldGen       total 68608K, used 57905K [0x0000000700000000, 0x0000000704300000, 0x00000007aab00000)
  object space 68608K, 84% used [0x0000000700000000,0x000000070388c6e8,0x0000000704300000)
 Metaspace       used 60573K, committed 62016K, reserved 1114112K
  class space    used 6447K, committed 7040K, reserved 1048576K
}
Event: 83.184 GC heap after
{Heap after GC invocations=54 (full 3):
 PSYoungGen      total 22528K, used 2023K [0x00000007aab00000, 0x00000007acf00000, 0x0000000800000000)
  eden space 20480K, 0% used [0x00000007aab00000,0x00000007aab00000,0x00000007abf00000)
  from space 2048K, 98% used [0x00000007abf80000,0x00000007ac179fb0,0x00000007ac180000)
  to   space 8192K, 0% used [0x00000007ac700000,0x00000007ac700000,0x00000007acf00000)
 ParOldGen       total 68608K, used 62777K [0x0000000700000000, 0x0000000704300000, 0x00000007aab00000)
  object space 68608K, 91% used [0x0000000700000000,0x0000000703d4e738,0x0000000704300000)
 Metaspace       used 60573K, committed 62016K, reserved 1114112K
  class space    used 6447K, committed 7040K, reserved 1048576K
}
Event: 85.850 GC heap before
{Heap before GC invocations=55 (full 3):
 PSYoungGen      total 22528K, used 21732K [0x00000007aab00000, 0x00000007acf00000, 0x0000000800000000)
  eden space 20480K, 96% used [0x00000007aab00000,0x00000007abe3f3f8,0x00000007abf00000)
  from space 2048K, 98% used [0x00000007abf80000,0x00000007ac179fb0,0x00000007ac180000)
  to   space 8192K, 0% used [0x00000007ac700000,0x00000007ac700000,0x00000007acf00000)
 ParOldGen       total 68608K, used 62777K [0x0000000700000000, 0x0000000704300000, 0x00000007aab00000)
  object space 68608K, 91% used [0x0000000700000000,0x0000000703d4e738,0x0000000704300000)
 Metaspace       used 61129K, committed 62592K, reserved 1114112K
  class space    used 6474K, committed 7040K, reserved 1048576K
}
Event: 85.869 GC heap after
{Heap after GC invocations=55 (full 3):
 PSYoungGen      total 27648K, used 6824K [0x00000007aab00000, 0x00000007ace00000, 0x0000000800000000)
  eden space 20480K, 0% used [0x00000007aab00000,0x00000007aab00000,0x00000007abf00000)
  from space 7168K, 95% used [0x00000007ac700000,0x00000007acdaa398,0x00000007ace00000)
  to   space 7168K, 0% used [0x00000007ac000000,0x00000007ac000000,0x00000007ac700000)
 ParOldGen       total 68608K, used 64787K [0x0000000700000000, 0x0000000704300000, 0x00000007aab00000)
  object space 68608K, 94% used [0x0000000700000000,0x0000000703f44c30,0x0000000704300000)
 Metaspace       used 61129K, committed 62592K, reserved 1114112K
  class space    used 6474K, committed 7040K, reserved 1048576K
}
Event: 92.050 GC heap before
{Heap before GC invocations=56 (full 3):
 PSYoungGen      total 27648K, used 27221K [0x00000007aab00000, 0x00000007ace00000, 0x0000000800000000)
  eden space 20480K, 99% used [0x00000007aab00000,0x00000007abeeb198,0x00000007abf00000)
  from space 7168K, 95% used [0x00000007ac700000,0x00000007acdaa398,0x00000007ace00000)
  to   space 7168K, 0% used [0x00000007ac000000,0x00000007ac000000,0x00000007ac700000)
 ParOldGen       total 68608K, used 64787K [0x0000000700000000, 0x0000000704300000, 0x00000007aab00000)
  object space 68608K, 94% used [0x0000000700000000,0x0000000703f44c30,0x0000000704300000)
 Metaspace       used 62352K, committed 63808K, reserved 1114112K
  class space    used 6607K, committed 7168K, reserved 1048576K
}
Event: 92.069 GC heap after
{Heap after GC invocations=56 (full 3):
 PSYoungGen      total 23552K, used 2832K [0x00000007aab00000, 0x00000007ac800000, 0x0000000800000000)
  eden space 20480K, 0% used [0x00000007aab00000,0x00000007aab00000,0x00000007abf00000)
  from space 3072K, 92% used [0x00000007ac000000,0x00000007ac2c4050,0x00000007ac300000)
  to   space 4608K, 0% used [0x00000007ac380000,0x00000007ac380000,0x00000007ac800000)
 ParOldGen       total 71680K, used 71467K [0x0000000700000000, 0x0000000704600000, 0x00000007aab00000)
  object space 71680K, 99% used [0x0000000700000000,0x00000007045caec0,0x0000000704600000)
 Metaspace       used 62352K, committed 63808K, reserved 1114112K
  class space    used 6607K, committed 7168K, reserved 1048576K
}
Event: 97.603 GC heap before
{Heap before GC invocations=57 (full 3):
 PSYoungGen      total 23552K, used 23312K [0x00000007aab00000, 0x00000007ac800000, 0x0000000800000000)
  eden space 20480K, 100% used [0x00000007aab00000,0x00000007abf00000,0x00000007abf00000)
  from space 3072K, 92% used [0x00000007ac000000,0x00000007ac2c4050,0x00000007ac300000)
  to   space 4608K, 0% used [0x00000007ac380000,0x00000007ac380000,0x00000007ac800000)
 ParOldGen       total 71680K, used 71467K [0x0000000700000000, 0x0000000704600000, 0x00000007aab00000)
  object space 71680K, 99% used [0x0000000700000000,0x00000007045caec0,0x0000000704600000)
 Metaspace       used 63328K, committed 64768K, reserved 1114112K
  class space    used 6686K, committed 7296K, reserved 1048576K
}
Event: 97.620 GC heap after
{Heap after GC invocations=57 (full 3):
 PSYoungGen      total 23040K, used 2148K [0x00000007aab00000, 0x00000007ac600000, 0x0000000800000000)
  eden space 20480K, 0% used [0x00000007aab00000,0x00000007aab00000,0x00000007abf00000)
  from space 2560K, 83% used [0x00000007ac380000,0x00000007ac599178,0x00000007ac600000)
  to   space 3072K, 0% used [0x00000007ac000000,0x00000007ac000000,0x00000007ac300000)
 ParOldGen       total 74240K, used 73906K [0x0000000700000000, 0x0000000704880000, 0x00000007aab00000)
  object space 74240K, 99% used [0x0000000700000000,0x000000070482cad8,0x0000000704880000)
 Metaspace       used 63328K, committed 64768K, reserved 1114112K
  class space    used 6686K, committed 7296K, reserved 1048576K
}
Event: 102.841 GC heap before
{Heap before GC invocations=58 (full 3):
 PSYoungGen      total 23040K, used 22628K [0x00000007aab00000, 0x00000007ac600000, 0x0000000800000000)
  eden space 20480K, 100% used [0x00000007aab00000,0x00000007abf00000,0x00000007abf00000)
  from space 2560K, 83% used [0x00000007ac380000,0x00000007ac599178,0x00000007ac600000)
  to   space 3072K, 0% used [0x00000007ac000000,0x00000007ac000000,0x00000007ac300000)
 ParOldGen       total 74240K, used 73906K [0x0000000700000000, 0x0000000704880000, 0x00000007aab00000)
  object space 74240K, 99% used [0x0000000700000000,0x000000070482cad8,0x0000000704880000)
 Metaspace       used 64027K, committed 65472K, reserved 1114112K
  class space    used 6739K, committed 7360K, reserved 1048576K
}
Event: 102.851 GC heap after
{Heap after GC invocations=58 (full 3):
 PSYoungGen      total 23552K, used 2601K [0x00000007aab00000, 0x00000007ac500000, 0x0000000800000000)
  eden space 20480K, 0% used [0x00000007aab00000,0x00000007aab00000,0x00000007abf00000)
  from space 3072K, 84% used [0x00000007ac000000,0x00000007ac28a488,0x00000007ac300000)
  to   space 2048K, 0% used [0x00000007ac300000,0x00000007ac300000,0x00000007ac500000)
 ParOldGen       total 75776K, used 75419K [0x0000000700000000, 0x0000000704a00000, 0x00000007aab00000)
  object space 75776K, 99% used [0x0000000700000000,0x00000007049a6d10,0x0000000704a00000)
 Metaspace       used 64027K, committed 65472K, reserved 1114112K
  class space    used 6739K, committed 7360K, reserved 1048576K
}
Event: 106.804 GC heap before
{Heap before GC invocations=59 (full 3):
 PSYoungGen      total 23552K, used 23080K [0x00000007aab00000, 0x00000007ac500000, 0x0000000800000000)
  eden space 20480K, 99% used [0x00000007aab00000,0x00000007abeffe08,0x00000007abf00000)
  from space 3072K, 84% used [0x00000007ac000000,0x00000007ac28a488,0x00000007ac300000)
  to   space 2048K, 0% used [0x00000007ac300000,0x00000007ac300000,0x00000007ac500000)
 ParOldGen       total 75776K, used 75419K [0x0000000700000000, 0x0000000704a00000, 0x00000007aab00000)
  object space 75776K, 99% used [0x0000000700000000,0x00000007049a6d10,0x0000000704a00000)
 Metaspace       used 64459K, committed 65920K, reserved 1114112K
  class space    used 6768K, committed 7360K, reserved 1048576K
}
Event: 106.813 GC heap after
{Heap after GC invocations=59 (full 3):
 PSYoungGen      total 22528K, used 2033K [0x00000007aab00000, 0x00000007ac700000, 0x0000000800000000)
  eden space 20480K, 0% used [0x00000007aab00000,0x00000007aab00000,0x00000007abf00000)
  from space 2048K, 99% used [0x00000007ac300000,0x00000007ac4fc518,0x00000007ac500000)
  to   space 4096K, 0% used [0x00000007abf00000,0x00000007abf00000,0x00000007ac300000)
 ParOldGen       total 77312K, used 77208K [0x0000000700000000, 0x0000000704b80000, 0x00000007aab00000)
  object space 77312K, 99% used [0x0000000700000000,0x0000000704b66130,0x0000000704b80000)
 Metaspace       used 64459K, committed 65920K, reserved 1114112K
  class space    used 6768K, committed 7360K, reserved 1048576K
}
Event: 109.551 GC heap before
{Heap before GC invocations=60 (full 3):
 PSYoungGen      total 22528K, used 22513K [0x00000007aab00000, 0x00000007ac700000, 0x0000000800000000)
  eden space 20480K, 100% used [0x00000007aab00000,0x00000007abf00000,0x00000007abf00000)
  from space 2048K, 99% used [0x00000007ac300000,0x00000007ac4fc518,0x00000007ac500000)
  to   space 4096K, 0% used [0x00000007abf00000,0x00000007abf00000,0x00000007ac300000)
 ParOldGen       total 77312K, used 77208K [0x0000000700000000, 0x0000000704b80000, 0x00000007aab00000)
  object space 77312K, 99% used [0x0000000700000000,0x0000000704b66130,0x0000000704b80000)
 Metaspace       used 65485K, committed 66944K, reserved 1114112K
  class space    used 6841K, committed 7424K, reserved 1048576K
}
Event: 109.563 GC heap after
{Heap after GC invocations=60 (full 3):
 PSYoungGen      total 23552K, used 2818K [0x00000007aab00000, 0x00000007ac600000, 0x0000000800000000)
  eden space 20480K, 0% used [0x00000007aab00000,0x00000007aab00000,0x00000007abf00000)
  from space 3072K, 91% used [0x00000007abf00000,0x00000007ac1c09f8,0x00000007ac200000)
  to   space 3584K, 0% used [0x00000007ac280000,0x00000007ac280000,0x00000007ac600000)
 ParOldGen       total 78848K, used 78707K [0x0000000700000000, 0x0000000704d00000, 0x00000007aab00000)
  object space 78848K, 99% used [0x0000000700000000,0x0000000704cdccc8,0x0000000704d00000)
 Metaspace       used 65485K, committed 66944K, reserved 1114112K
  class space    used 6841K, committed 7424K, reserved 1048576K
}
Event: 115.421 GC heap before
{Heap before GC invocations=61 (full 3):
 PSYoungGen      total 23552K, used 23298K [0x00000007aab00000, 0x00000007ac600000, 0x0000000800000000)
  eden space 20480K, 100% used [0x00000007aab00000,0x00000007abf00000,0x00000007abf00000)
  from space 3072K, 91% used [0x00000007abf00000,0x00000007ac1c09f8,0x00000007ac200000)
  to   space 3584K, 0% used [0x00000007ac280000,0x00000007ac280000,0x00000007ac600000)
 ParOldGen       total 78848K, used 78707K [0x0000000700000000, 0x0000000704d00000, 0x00000007aab00000)
  object space 78848K, 99% used [0x0000000700000000,0x0000000704cdccc8,0x0000000704d00000)
 Metaspace       used 65707K, committed 67136K, reserved 1114112K
  class space    used 6863K, committed 7424K, reserved 1048576K
}
Event: 115.450 GC heap after
{Heap after GC invocations=61 (full 3):
 PSYoungGen      total 17920K, used 3564K [0x00000007aab00000, 0x00000007ad200000, 0x0000000800000000)
  eden space 14336K, 0% used [0x00000007aab00000,0x00000007aab00000,0x00000007ab900000)
  from space 3584K, 99% used [0x00000007ac280000,0x00000007ac5fb2c8,0x00000007ac600000)
  to   space 9728K, 0% used [0x00000007ab900000,0x00000007ab900000,0x00000007ac280000)
 ParOldGen       total 83968K, used 83565K [0x0000000700000000, 0x0000000705200000, 0x00000007aab00000)
  object space 83968K, 99% used [0x0000000700000000,0x000000070519b420,0x0000000705200000)
 Metaspace       used 65707K, committed 67136K, reserved 1114112K
  class space    used 6863K, committed 7424K, reserved 1048576K
}

Dll operation events (20 events):
Event: 0.055 Attempting to load shared library c:\Users\55819\.vscode\extensions\redhat.java-1.56.0-win32-x64\jre\21.0.12.1-win32-x86_64\bin\java.dll
Event: 0.055 Loaded shared library c:\Users\55819\.vscode\extensions\redhat.java-1.56.0-win32-x64\jre\21.0.12.1-win32-x86_64\bin\java.dll
Event: 0.660 Attempting to load shared library c:\Users\55819\.vscode\extensions\redhat.java-1.56.0-win32-x64\jre\21.0.12.1-win32-x86_64\bin\zip.dll
Event: 0.661 Loaded shared library c:\Users\55819\.vscode\extensions\redhat.java-1.56.0-win32-x64\jre\21.0.12.1-win32-x86_64\bin\zip.dll
Event: 1.325 Attempting to load shared library C:\Users\55819\.vscode\extensions\redhat.java-1.56.0-win32-x64\jre\21.0.12.1-win32-x86_64\bin\instrument.dll
Event: 1.325 Loaded shared library C:\Users\55819\.vscode\extensions\redhat.java-1.56.0-win32-x64\jre\21.0.12.1-win32-x86_64\bin\instrument.dll
Event: 1.336 Attempting to load shared library C:\Users\55819\.vscode\extensions\redhat.java-1.56.0-win32-x64\jre\21.0.12.1-win32-x86_64\bin\net.dll
Event: 1.338 Loaded shared library C:\Users\55819\.vscode\extensions\redhat.java-1.56.0-win32-x64\jre\21.0.12.1-win32-x86_64\bin\net.dll
Event: 1.353 Attempting to load shared library C:\Users\55819\.vscode\extensions\redhat.java-1.56.0-win32-x64\jre\21.0.12.1-win32-x86_64\bin\nio.dll
Event: 1.354 Loaded shared library C:\Users\55819\.vscode\extensions\redhat.java-1.56.0-win32-x64\jre\21.0.12.1-win32-x86_64\bin\nio.dll
Event: 1.361 Attempting to load shared library C:\Users\55819\.vscode\extensions\redhat.java-1.56.0-win32-x64\jre\21.0.12.1-win32-x86_64\bin\zip.dll
Event: 1.361 Loaded shared library C:\Users\55819\.vscode\extensions\redhat.java-1.56.0-win32-x64\jre\21.0.12.1-win32-x86_64\bin\zip.dll
Event: 1.472 Attempting to load shared library C:\Users\55819\.vscode\extensions\redhat.java-1.56.0-win32-x64\jre\21.0.12.1-win32-x86_64\bin\jimage.dll
Event: 1.472 Loaded shared library C:\Users\55819\.vscode\extensions\redhat.java-1.56.0-win32-x64\jre\21.0.12.1-win32-x86_64\bin\jimage.dll
Event: 2.541 Attempting to load shared library c:\Users\55819\.vscode\extensions\redhat.java-1.56.0-win32-x64\jre\21.0.12.1-win32-x86_64\bin\verify.dll
Event: 2.543 Loaded shared library c:\Users\55819\.vscode\extensions\redhat.java-1.56.0-win32-x64\jre\21.0.12.1-win32-x86_64\bin\verify.dll
Event: 9.434 Attempting to load shared library C:\Users\55819\AppData\Roaming\Code\User\globalStorage\redhat.java\1.56.0\config_win\org.eclipse.equinox.launcher\org.eclipse.equinox.launcher.win32.win32.x86_64_1.3.100.v20260804-1928\eclipse_11924.dll
Event: 9.441 Loaded shared library C:\Users\55819\AppData\Roaming\Code\User\globalStorage\redhat.java\1.56.0\config_win\org.eclipse.equinox.launcher\org.eclipse.equinox.launcher.win32.win32.x86_64_1.3.100.v20260804-1928\eclipse_11924.dll
Event: 16.226 Attempting to load shared library C:\Users\55819\AppData\Local\Temp\jna-50580928\jna12333507967531623166.dll
Event: 19.629 Loaded shared library C:\Users\55819\AppData\Local\Temp\jna-50580928\jna12333507967531623166.dll

Deoptimization events (20 events):
Event: 111.816 Thread 0x00000267fddf6930 DEOPT PACKING pc=0x00000267e850d9dc sp=0x00000088ebafdd80
Event: 111.817 Thread 0x00000267fddf6930 DEOPT UNPACKING pc=0x00000267e7813a9c sp=0x00000088ebafdd18 mode 2
Event: 113.307 Thread 0x00000267fff3ad90 DEOPT PACKING pc=0x00000267e1684b59 sp=0x00000088eb4fe040
Event: 113.307 Thread 0x00000267fff3ad90 DEOPT UNPACKING pc=0x00000267e7814223 sp=0x00000088eb4fd568 mode 0
Event: 113.312 Thread 0x00000267fff3ad90 Uncommon trap: trap_request=0xffffffd6 fr.pc=0x00000267e850cb18 relative=0x00000000000003b8
Event: 113.312 Thread 0x00000267fff3ad90 Uncommon trap: reason=array_check action=maybe_recompile pc=0x00000267e850cb18 method=java.util.TimSort.binarySort([Ljava/lang/Object;IIILjava/util/Comparator;)V @ 215 c2
Event: 113.312 Thread 0x00000267fff3ad90 DEOPT PACKING pc=0x00000267e850cb18 sp=0x00000088eb4fe0d0
Event: 113.312 Thread 0x00000267fff3ad90 DEOPT UNPACKING pc=0x00000267e7813a9c sp=0x00000088eb4fe068 mode 2
Event: 115.399 Thread 0x00000267fff3ad90 Uncommon trap: trap_request=0xffffff45 fr.pc=0x00000267e8501a28 relative=0x0000000000001c28
Event: 115.399 Thread 0x00000267fff3ad90 Uncommon trap: reason=unstable_if action=reinterpret pc=0x00000267e8501a28 method=org.eclipse.core.internal.watson.ElementTree.getElementData(Lorg/eclipse/core/runtime/IPath;)Ljava/lang/Object; @ 29 c2
Event: 115.399 Thread 0x00000267fff3ad90 DEOPT PACKING pc=0x00000267e8501a28 sp=0x00000088eb4fe990
Event: 115.399 Thread 0x00000267fff3ad90 DEOPT UNPACKING pc=0x00000267e7813a9c sp=0x00000088eb4fe710 mode 2
Event: 115.399 Thread 0x00000267fff3ad90 Uncommon trap: trap_request=0xffffff45 fr.pc=0x00000267e8278644 relative=0x0000000000000584
Event: 115.399 Thread 0x00000267fff3ad90 Uncommon trap: reason=unstable_if action=reinterpret pc=0x00000267e8278644 method=org.eclipse.core.internal.watson.ElementTree.getElementData(Lorg/eclipse/core/runtime/IPath;)Ljava/lang/Object; @ 29 c2
Event: 115.399 Thread 0x00000267fff3ad90 DEOPT PACKING pc=0x00000267e8278644 sp=0x00000088eb4fe870
Event: 115.399 Thread 0x00000267fff3ad90 DEOPT UNPACKING pc=0x00000267e7813a9c sp=0x00000088eb4fe7a8 mode 2
Event: 116.992 Thread 0x00000267fff3ad90 Uncommon trap: trap_request=0xffffffc6 fr.pc=0x00000267e84df8ec relative=0x0000000000000e0c
Event: 116.992 Thread 0x00000267fff3ad90 Uncommon trap: reason=bimorphic_or_optimized_type_check action=maybe_recompile pc=0x00000267e84df8ec method=org.eclipse.jdt.internal.compiler.parser.Parser.consumeRule(I)V @ 5731 c2
Event: 116.992 Thread 0x00000267fff3ad90 DEOPT PACKING pc=0x00000267e84df8ec sp=0x00000088eb4fe880
Event: 116.992 Thread 0x00000267fff3ad90 DEOPT UNPACKING pc=0x00000267e7813a9c sp=0x00000088eb4fe7f8 mode 2

Classes loaded (20 events):
Event: 73.625 Loading class java/util/stream/DistinctOps$1
Event: 73.626 Loading class java/util/stream/DistinctOps$1 done
Event: 73.626 Loading class java/util/stream/DistinctOps$1$2
Event: 73.626 Loading class java/util/stream/DistinctOps$1$2 done
Event: 77.643 Loading class sun/nio/fs/WindowsFileCopy
Event: 77.644 Loading class sun/nio/fs/WindowsFileCopy done
Event: 77.860 Loading class java/nio/charset/CharacterCodingException
Event: 77.860 Loading class java/nio/charset/CharacterCodingException done
Event: 77.863 Loading class java/io/SequenceInputStream
Event: 77.863 Loading class java/io/SequenceInputStream done
Event: 78.044 Loading class java/util/WeakHashMap$KeyIterator
Event: 78.044 Loading class java/util/WeakHashMap$KeyIterator done
Event: 79.932 Loading class java/util/Hashtable$KeySet
Event: 79.932 Loading class java/util/Hashtable$KeySet done
Event: 80.008 Loading class javax/xml/transform/TransformerConfigurationException
Event: 80.008 Loading class javax/xml/transform/TransformerConfigurationException done
Event: 83.682 Loading class java/lang/UnsupportedClassVersionError
Event: 83.682 Loading class java/lang/UnsupportedClassVersionError done
Event: 106.816 Loading class jdk/internal/ref/CleanerImpl$InnocuousThreadFactory
Event: 106.818 Loading class jdk/internal/ref/CleanerImpl$InnocuousThreadFactory done

Classes unloaded (7 events):
Event: 24.884 Thread 0x00000267f839dad0 Unloading class 0x00000267811ab400 'java/lang/invoke/LambdaForm$MH+0x00000267811ab400'
Event: 24.884 Thread 0x00000267f839dad0 Unloading class 0x00000267811ab000 'java/lang/invoke/LambdaForm$MH+0x00000267811ab000'
Event: 24.884 Thread 0x00000267f839dad0 Unloading class 0x00000267811aac00 'java/lang/invoke/LambdaForm$MH+0x00000267811aac00'
Event: 24.884 Thread 0x00000267f839dad0 Unloading class 0x00000267811aa800 'java/lang/invoke/LambdaForm$MH+0x00000267811aa800'
Event: 24.884 Thread 0x00000267f839dad0 Unloading class 0x00000267811aa400 'java/lang/invoke/LambdaForm$BMH+0x00000267811aa400'
Event: 24.884 Thread 0x00000267f839dad0 Unloading class 0x00000267811aa000 'java/lang/invoke/LambdaForm$DMH+0x00000267811aa000'
Event: 24.884 Thread 0x00000267f839dad0 Unloading class 0x00000267811a8c00 'java/lang/invoke/LambdaForm$DMH+0x00000267811a8c00'

Classes redefined (0 events):
No events

Internal exceptions (20 events):
Event: 80.302 Thread 0x00000267fd65ad60 Exception <a 'sun/nio/fs/WindowsException'{0x00000007aba1cde0}> (0x00000007aba1cde0) 
thrown [s\src\hotspot\share\prims\jni.cpp, line 520]
Event: 80.310 Thread 0x00000267fd65ad60 Exception <a 'java/io/FileNotFoundException'{0x00000007aba58de8}> (0x00000007aba58de8) 
thrown [s\src\hotspot\share\prims\jni.cpp, line 520]
Event: 80.311 Thread 0x00000267fd65ad60 Exception <a 'java/io/FileNotFoundException'{0x00000007aba59e50}> (0x00000007aba59e50) 
thrown [s\src\hotspot\share\prims\jni.cpp, line 520]
Event: 80.367 Thread 0x00000267fd65ad60 Exception <a 'sun/nio/fs/WindowsException'{0x00000007aba97420}> (0x00000007aba97420) 
thrown [s\src\hotspot\share\prims\jni.cpp, line 520]
Event: 80.367 Thread 0x00000267fd65ad60 Exception <a 'sun/nio/fs/WindowsException'{0x00000007aba97a80}> (0x00000007aba97a80) 
thrown [s\src\hotspot\share\prims\jni.cpp, line 520]
Event: 82.524 Thread 0x00000267fff3c7d0 Implicit null exception at 0x00000267e8301dd8 to 0x00000267e8302540
Event: 82.676 Thread 0x00000267fff3ad90 Exception <a 'java/lang/NoSuchMethodError'{0x00000007abdc8ed0}: 'java.lang.Object java.lang.invoke.DirectMethodHandle$Holder.invokeSpecial(java.lang.Object, java.lang.Object, int, long)'> (0x00000007abdc8ed0) 
thrown [s\src\hotspot\share\interpreter\linkResolver.cpp, line 773]
Event: 83.409 Thread 0x00000267fddf62a0 Exception <a 'java/lang/ArrayIndexOutOfBoundsException'{0x00000007aafe9a98}> (0x00000007aafe9a98) 
thrown [s\src\hotspot\share\runtime\sharedRuntime.cpp, line 625]
Event: 83.716 Thread 0x00000267fddf5c10 Exception <a 'java/lang/NoSuchMethodError'{0x00000007ab262690}: 'int java.lang.invoke.Invokers$Holder.invokeExact_MT(java.lang.Object, java.lang.Object)'> (0x00000007ab262690) 
thrown [s\src\hotspot\share\interpreter\linkResolver.cpp, line 773]
Event: 85.364 Thread 0x00000267fddf5c10 Exception <a 'java/lang/IncompatibleClassChangeError'{0x00000007ab9c6280}: Found class java.lang.Object, but interface was expected> (0x00000007ab9c6280) 
thrown [s\src\hotspot\share\interpreter\linkResolver.cpp, line 840]
Event: 90.036 Thread 0x00000267fff3ad90 Exception <a 'java/io/FileNotFoundException'{0x00000007ab95afe8}> (0x00000007ab95afe8) 
thrown [s\src\hotspot\share\prims\jni.cpp, line 520]
Event: 90.036 Thread 0x00000267fff3ad90 Exception <a 'java/io/FileNotFoundException'{0x00000007ab95e368}> (0x00000007ab95e368) 
thrown [s\src\hotspot\share\prims\jni.cpp, line 520]
Event: 90.036 Thread 0x00000267fff3ad90 Exception <a 'java/io/FileNotFoundException'{0x00000007ab95f108}> (0x00000007ab95f108) 
thrown [s\src\hotspot\share\prims\jni.cpp, line 520]
Event: 92.652 Thread 0x00000267fd65ad60 Exception <a 'java/lang/NoSuchMethodError'{0x00000007aad60a08}: 'void java.lang.invoke.DirectMethodHandle$Holder.invokeStatic(java.lang.Object, java.lang.Object, java.lang.Object, int)'> (0x00000007aad60a08) 
thrown [s\src\hotspot\share\interpreter\linkResolver.cpp, line 773]
Event: 93.233 Thread 0x00000267fd65ad60 Exception <a 'java/lang/NoSuchMethodError'{0x00000007aaf5c3e0}: 'void java.lang.invoke.DirectMethodHandle$Holder.invokeVirtual(java.lang.Object, java.lang.Object, int)'> (0x00000007aaf5c3e0) 
thrown [s\src\hotspot\share\interpreter\linkResolver.cpp, line 773]
Event: 95.434 Thread 0x00000267fff3ad90 Implicit null exception at 0x00000267e81bdacb to 0x00000267e81bdc28
Event: 95.598 Thread 0x00000267fddf5c10 Implicit null exception at 0x00000267e7ec29da to 0x00000267e7ec2a37
Event: 107.043 Thread 0x00000267fff3a070 Exception <a 'java/lang/IncompatibleClassChangeError'{0x00000007aada4f68}: Found class java.lang.Object, but interface was expected> (0x00000007aada4f68) 
thrown [s\src\hotspot\share\interpreter\linkResolver.cpp, line 840]
Event: 109.045 Thread 0x00000267fddf4ef0 Implicit null exception at 0x00000267e84a7ba3 to 0x00000267e84a7dbe
Event: 113.338 Thread 0x00000267fddf6930 Exception <a 'java/lang/NoSuchMethodError'{0x00000007ab885488}: 'java.lang.Object java.lang.invoke.DirectMethodHandle$Holder.invokeStatic(java.lang.Object, int, java.lang.Object)'> (0x00000007ab885488) 
thrown [s\src\hotspot\share\interpreter\linkResolver.cpp, line 773]

ZGC Phase Switch (0 events):
No events

VM Operations (20 events):
Event: 108.518 Executing non-safepoint VM operation: HandshakeAllThreads (Deoptimize)
Event: 108.938 Executing non-safepoint VM operation: HandshakeAllThreads (Deoptimize) done
Event: 109.497 Executing safepoint VM operation: ParallelGCFailedAllocation (Allocation Failure)
Event: 109.563 Executing safepoint VM operation: ParallelGCFailedAllocation (Allocation Failure) done
Event: 110.578 Executing safepoint VM operation: Cleanup
Event: 111.422 Executing safepoint VM operation: Cleanup done
Event: 112.429 Executing safepoint VM operation: Cleanup
Event: 113.326 Executing safepoint VM operation: Cleanup done
Event: 114.354 Executing safepoint VM operation: Cleanup
Event: 115.276 Executing safepoint VM operation: Cleanup done
Event: 115.412 Executing safepoint VM operation: ParallelGCFailedAllocation (Allocation Failure)
Event: 115.471 Executing safepoint VM operation: ParallelGCFailedAllocation (Allocation Failure) done
Event: 116.508 Executing safepoint VM operation: Cleanup
Event: 116.604 Executing safepoint VM operation: Cleanup done
Event: 117.232 Executing non-safepoint VM operation: HandshakeAllThreads (Deoptimize)
Event: 117.692 Executing non-safepoint VM operation: HandshakeAllThreads (Deoptimize) done
Event: 117.692 Executing safepoint VM operation: Cleanup
Event: 117.692 Executing safepoint VM operation: Cleanup done
Event: 117.702 Executing non-safepoint VM operation: HandshakeAllThreads (Deoptimize)
Event: 117.702 Executing non-safepoint VM operation: HandshakeAllThreads (Deoptimize) done

Memory protections (0 events):
No events

Nmethod flushes (20 events):
Event: 75.257 Thread 0x00000267f839dad0 flushing  nmethod 0x00000267e0b42390
Event: 75.257 Thread 0x00000267f839dad0 flushing  nmethod 0x00000267e0b43e10
Event: 75.257 Thread 0x00000267f839dad0 flushing  nmethod 0x00000267e0b4f690
Event: 75.257 Thread 0x00000267f839dad0 flushing  nmethod 0x00000267e0b61610
Event: 75.257 Thread 0x00000267f839dad0 flushing  nmethod 0x00000267e0b65e10
Event: 75.257 Thread 0x00000267f839dad0 flushing  nmethod 0x00000267e0b8e110
Event: 75.257 Thread 0x00000267f839dad0 flushing osr nmethod 0x00000267e0ba2810
Event: 75.257 Thread 0x00000267f839dad0 flushing osr nmethod 0x00000267e0ba6410
Event: 75.257 Thread 0x00000267f839dad0 flushing  nmethod 0x00000267e0baa990
Event: 75.257 Thread 0x00000267f839dad0 flushing  nmethod 0x00000267e0bac890
Event: 75.257 Thread 0x00000267f839dad0 flushing  nmethod 0x00000267e0bb2110
Event: 75.257 Thread 0x00000267f839dad0 flushing  nmethod 0x00000267e0bb3f90
Event: 75.257 Thread 0x00000267f839dad0 flushing  nmethod 0x00000267e0bc8110
Event: 75.257 Thread 0x00000267f839dad0 flushing  nmethod 0x00000267e0bed190
Event: 75.257 Thread 0x00000267f839dad0 flushing  nmethod 0x00000267e0c12190
Event: 75.257 Thread 0x00000267f839dad0 flushing  nmethod 0x00000267e0c3d610
Event: 75.257 Thread 0x00000267f839dad0 flushing  nmethod 0x00000267e0c54290
Event: 75.257 Thread 0x00000267f839dad0 flushing  nmethod 0x00000267e0cb2890
Event: 75.257 Thread 0x00000267f839dad0 flushing  nmethod 0x00000267e0cb2e90
Event: 75.257 Thread 0x00000267f839dad0 flushing  nmethod 0x00000267e0cb3210

Events (20 events):
Event: 79.905 Thread 0x00000267fddf8a00 Thread exited: 0x00000267fddf8a00
Event: 79.905 Thread 0x00000267fddf9090 Thread exited: 0x00000267fddf9090
Event: 79.905 Thread 0x00000267fddf5580 Thread exited: 0x00000267fddf5580
Event: 81.008 Thread 0x00000267fff3a070 Thread added: 0x00000267fddf4ef0
Event: 82.527 Thread 0x00000267fddf4ef0 Thread exited: 0x00000267fddf4ef0
Event: 82.566 Thread 0x00000267fff3a070 Thread added: 0x00000267fddf8370
Event: 82.566 Thread 0x00000267fff3a070 Thread added: 0x00000267fddf4ef0
Event: 83.221 Thread 0x00000267fddf4ef0 Thread exited: 0x00000267fddf4ef0
Event: 83.222 Thread 0x00000267fddf8370 Thread exited: 0x00000267fddf8370
Event: 83.411 Thread 0x00000267fddf62a0 Thread exited: 0x00000267fddf62a0
Event: 84.561 Thread 0x00000267fff3f5c0 Thread exited: 0x00000267fff3f5c0
Event: 92.810 Thread 0x00000267fff3c7d0 Thread exited: 0x00000267fff3c7d0
Event: 96.034 Thread 0x00000267fff3a070 Thread added: 0x00000267fddf4ef0
Event: 96.044 Thread 0x00000267fff3a070 Thread added: 0x00000267fddf5580
Event: 97.176 Thread 0x00000267fddf4ef0 Thread exited: 0x00000267fddf4ef0
Event: 97.212 Thread 0x00000267fff3a070 Thread added: 0x00000267fddf4ef0
Event: 102.920 Thread 0x00000267fddf5c10 Thread exited: 0x00000267fddf5c10
Event: 106.818 Thread 0x00000267fddf6fc0 Thread added: 0x00000267fddf8370
Event: 107.045 Thread 0x00000267fff3a070 Thread added: 0x00000267fddf6930
Event: 113.340 Thread 0x00000267fddf6930 Thread exited: 0x00000267fddf6930


Dynamic libraries:
0x00007ff77e3c0000 - 0x00007ff77e3ce000 	c:\Users\55819\.vscode\extensions\redhat.java-1.56.0-win32-x64\jre\21.0.12.1-win32-x86_64\bin\java.exe
0x00007ffea20a0000 - 0x00007ffea2307000 	C:\WINDOWS\SYSTEM32\ntdll.dll
0x00007ffea1b40000 - 0x00007ffea1c0b000 	C:\WINDOWS\System32\KERNEL32.DLL
0x00007ffe9f360000 - 0x00007ffe9f762000 	C:\WINDOWS\System32\KERNELBASE.dll
0x00007ffe9fbb0000 - 0x00007ffe9fcfc000 	C:\WINDOWS\System32\ucrtbase.dll
0x00007ffe33560000 - 0x00007ffe33578000 	c:\Users\55819\.vscode\extensions\redhat.java-1.56.0-win32-x64\jre\21.0.12.1-win32-x86_64\bin\jli.dll
0x00007ffea0760000 - 0x00007ffea092f000 	C:\WINDOWS\System32\USER32.dll
0x00007ffe9f330000 - 0x00007ffe9f357000 	C:\WINDOWS\System32\win32u.dll
0x00007ffea1040000 - 0x00007ffea106b000 	C:\WINDOWS\System32\GDI32.dll
0x00007ffe9f770000 - 0x00007ffe9f899000 	C:\WINDOWS\System32\gdi32full.dll
0x00007ffe9fd10000 - 0x00007ffe9fdb3000 	C:\WINDOWS\System32\msvcp_win.dll
0x00007ffe314a0000 - 0x00007ffe314be000 	c:\Users\55819\.vscode\extensions\redhat.java-1.56.0-win32-x64\jre\21.0.12.1-win32-x86_64\bin\VCRUNTIME140.dll
0x00007ffe8b2c0000 - 0x00007ffe8b550000 	C:\WINDOWS\WinSxS\amd64_microsoft.windows.common-controls_6595b64144ccf1df_6.0.26100.9278_none_3e0d1ba8e3303201\COMCTL32.dll
0x00007ffe9fea0000 - 0x00007ffe9ff49000 	C:\WINDOWS\System32\msvcrt.dll
0x00007ffea1b00000 - 0x00007ffea1b31000 	C:\WINDOWS\System32\IMM32.DLL
0x00007ffe90670000 - 0x00007ffe9067c000 	c:\Users\55819\.vscode\extensions\redhat.java-1.56.0-win32-x64\jre\21.0.12.1-win32-x86_64\bin\vcruntime140_1.dll
0x00007ffe20fe0000 - 0x00007ffe2106d000 	c:\Users\55819\.vscode\extensions\redhat.java-1.56.0-win32-x64\jre\21.0.12.1-win32-x86_64\bin\msvcp140.dll
0x00007ffdf40f0000 - 0x00007ffdf4e92000 	c:\Users\55819\.vscode\extensions\redhat.java-1.56.0-win32-x64\jre\21.0.12.1-win32-x86_64\bin\server\jvm.dll
0x00007ffe9fdc0000 - 0x00007ffe9fe7c000 	C:\WINDOWS\System32\ADVAPI32.dll
0x00007ffea1c10000 - 0x00007ffea1cb9000 	C:\WINDOWS\System32\sechost.dll
0x00007ffea00f0000 - 0x00007ffea0208000 	C:\WINDOWS\System32\RPCRT4.dll
0x00007ffea12d0000 - 0x00007ffea1350000 	C:\WINDOWS\System32\WS2_32.dll
0x00007ffe9f100000 - 0x00007ffe9f15e000 	C:\WINDOWS\SYSTEM32\POWRPROF.dll
0x00007ffe7bdc0000 - 0x00007ffe7bdf6000 	C:\WINDOWS\SYSTEM32\WINMM.dll
0x00007ffe8d580000 - 0x00007ffe8d58b000 	C:\WINDOWS\SYSTEM32\VERSION.dll
0x00007ffe9f0e0000 - 0x00007ffe9f0f5000 	C:\WINDOWS\SYSTEM32\UMPDC.dll
0x00007ffe9df70000 - 0x00007ffe9df8b000 	C:\WINDOWS\SYSTEM32\kernel.appcore.dll
0x00007ffe8f250000 - 0x00007ffe8f25a000 	c:\Users\55819\.vscode\extensions\redhat.java-1.56.0-win32-x64\jre\21.0.12.1-win32-x86_64\bin\jimage.dll
0x00007ffe9c840000 - 0x00007ffe9ca8c000 	C:\WINDOWS\SYSTEM32\DBGHELP.DLL
0x00007ffea03d0000 - 0x00007ffea0755000 	C:\WINDOWS\System32\combase.dll
0x00007ffea02d0000 - 0x00007ffea03a9000 	C:\WINDOWS\System32\OLEAUT32.dll
0x00007ffe89c00000 - 0x00007ffe89c3b000 	C:\WINDOWS\SYSTEM32\dbgcore.DLL
0x00007ffe9faf0000 - 0x00007ffe9fb9c000 	C:\WINDOWS\System32\bcryptPrimitives.dll
0x00007ffe8f210000 - 0x00007ffe8f21f000 	c:\Users\55819\.vscode\extensions\redhat.java-1.56.0-win32-x64\jre\21.0.12.1-win32-x86_64\bin\instrument.dll
0x00007ffe31010000 - 0x00007ffe31030000 	c:\Users\55819\.vscode\extensions\redhat.java-1.56.0-win32-x64\jre\21.0.12.1-win32-x86_64\bin\java.dll
0x00007ffea1360000 - 0x00007ffea1af8000 	C:\WINDOWS\System32\SHELL32.dll
0x00007ffe9cd40000 - 0x00007ffe9d5ee000 	C:\WINDOWS\SYSTEM32\windows.storage.dll
0x00007ffea1ec0000 - 0x00007ffea1fbb000 	C:\WINDOWS\System32\SHCORE.dll
0x00007ffea0210000 - 0x00007ffea0276000 	C:\WINDOWS\System32\shlwapi.dll
0x00007ffe9f1c0000 - 0x00007ffe9f1e9000 	C:\WINDOWS\SYSTEM32\profapi.dll
0x00007ffe2ee80000 - 0x00007ffe2ee98000 	c:\Users\55819\.vscode\extensions\redhat.java-1.56.0-win32-x64\jre\21.0.12.1-win32-x86_64\bin\zip.dll
0x00007ffe8f070000 - 0x00007ffe8f080000 	C:\Users\55819\.vscode\extensions\redhat.java-1.56.0-win32-x64\jre\21.0.12.1-win32-x86_64\bin\net.dll
0x00007ffe8d2f0000 - 0x00007ffe8d41a000 	C:\WINDOWS\SYSTEM32\WINHTTP.dll
0x00007ffe9e530000 - 0x00007ffe9e59c000 	C:\WINDOWS\system32\mswsock.dll
0x00007ffe2e850000 - 0x00007ffe2e866000 	C:\Users\55819\.vscode\extensions\redhat.java-1.56.0-win32-x64\jre\21.0.12.1-win32-x86_64\bin\nio.dll
0x00007ffe8e180000 - 0x00007ffe8e190000 	c:\Users\55819\.vscode\extensions\redhat.java-1.56.0-win32-x64\jre\21.0.12.1-win32-x86_64\bin\verify.dll
0x00007ffe203c0000 - 0x00007ffe20405000 	C:\Users\55819\AppData\Roaming\Code\User\globalStorage\redhat.java\1.56.0\config_win\org.eclipse.equinox.launcher\org.eclipse.equinox.launcher.win32.win32.x86_64_1.3.100.v20260804-1928\eclipse_11924.dll
0x00007ffe9ff50000 - 0x00007ffea00ea000 	C:\WINDOWS\System32\ole32.dll
0x00007ffe9e820000 - 0x00007ffe9e83b000 	C:\WINDOWS\SYSTEM32\CRYPTSP.dll
0x00007ffe9ded0000 - 0x00007ffe9df09000 	C:\WINDOWS\system32\rsaenh.dll
0x00007ffe9e5e0000 - 0x00007ffe9e614000 	C:\WINDOWS\SYSTEM32\USERENV.dll
0x00007ffe9f190000 - 0x00007ffe9f1ba000 	C:\WINDOWS\SYSTEM32\bcrypt.dll
0x00007ffe9e840000 - 0x00007ffe9e84c000 	C:\WINDOWS\SYSTEM32\CRYPTBASE.dll
0x00007ffe9d9f0000 - 0x00007ffe9da23000 	C:\WINDOWS\SYSTEM32\IPHLPAPI.DLL
0x00007ffea1eb0000 - 0x00007ffea1eba000 	C:\WINDOWS\System32\NSI.dll
0x00007ffe8e130000 - 0x00007ffe8e179000 	C:\Users\55819\AppData\Local\Temp\jna-50580928\jna12333507967531623166.dll
0x00007ffea1fc0000 - 0x00007ffea1fc8000 	C:\WINDOWS\System32\PSAPI.DLL
0x00007ffe8d590000 - 0x00007ffe8d5ad000 	C:\WINDOWS\SYSTEM32\dhcpcsvc6.DLL
0x00007ffe8d2c0000 - 0x00007ffe8d2e5000 	C:\WINDOWS\SYSTEM32\dhcpcsvc.DLL

JVMTI agents:
c:\Users\55819\.vscode\extensions\redhat.java-1.56.0-win32-x64\lombok\lombok-1.18.39-4050.jar path:c:\Users\55819\.vscode\extensions\redhat.java-1.56.0-win32-x64\jre\21.0.12.1-win32-x86_64\bin\instrument.dll, loaded, initialized, instrumentlib options:none

dbghelp: loaded successfully - version: 4.0.5 - missing functions: none
symbol engine: initialized successfully - sym options: 0x614 - pdb path: .;c:\Users\55819\.vscode\extensions\redhat.java-1.56.0-win32-x64\jre\21.0.12.1-win32-x86_64\bin;C:\WINDOWS\SYSTEM32;C:\WINDOWS\WinSxS\amd64_microsoft.windows.common-controls_6595b64144ccf1df_6.0.26100.9278_none_3e0d1ba8e3303201;c:\Users\55819\.vscode\extensions\redhat.java-1.56.0-win32-x64\jre\21.0.12.1-win32-x86_64\bin\server;C:\Users\55819\AppData\Roaming\Code\User\globalStorage\redhat.java\1.56.0\config_win\org.eclipse.equinox.launcher\org.eclipse.equinox.launcher.win32.win32.x86_64_1.3.100.v20260804-1928;C:\Users\55819\AppData\Local\Temp\jna-50580928

VM Arguments:
jvm_args: --add-modules=ALL-SYSTEM --add-opens=java.base/java.util=ALL-UNNAMED --add-opens=java.base/java.lang=ALL-UNNAMED --add-opens=java.base/sun.nio.fs=ALL-UNNAMED -Declipse.application=org.eclipse.jdt.ls.core.id1 -Dosgi.bundles.defaultStartLevel=4 -Declipse.product=org.eclipse.jdt.ls.core.product -Djava.import.generatesMetadataFilesAtProjectRoot=false -Dm2e.project.cache.size=50 -DDetectVMInstallationsJob.disabled=true -Dfile.encoding=utf8 -XX:+UseParallelGC -XX:GCTimeRatio=4 -XX:AdaptiveSizePolicyWeight=90 -Dsun.zip.disableMemoryMapping=true -Xmx4G -Xms100m -Xlog:disable -javaagent:c:\Users\55819\.vscode\extensions\redhat.java-1.56.0-win32-x64\lombok\lombok-1.18.39-4050.jar -XX:+HeapDumpOnOutOfMemoryError -XX:HeapDumpPath=c:\Users\55819\AppData\Roaming\Code\User\workspaceStorage\626599fb12614638a37c717de37c446c\redhat.java -Daether.dependencyCollector.impl=bf 
java_command: c:\Users\55819\.vscode\extensions\redhat.java-1.56.0-win32-x64\server\plugins\org.eclipse.equinox.launcher_1.8.0.v20260804-1928.jar -configuration c:\Users\55819\AppData\Roaming\Code\User\globalStorage\redhat.java\1.56.0\config_win -data c:\Users\55819\AppData\Roaming\Code\User\workspaceStorage\626599fb12614638a37c717de37c446c\redhat.java\jdt_ws --stdio
java_class_path (initial): c:\Users\55819\.vscode\extensions\redhat.java-1.56.0-win32-x64\server\plugins\org.eclipse.equinox.launcher_1.8.0.v20260804-1928.jar
Launcher Type: SUN_STANDARD

[Global flags]
    uintx AdaptiveSizePolicyWeight                 = 90                                        {product} {command line}
     intx CICompilerCount                          = 2                                         {product} {ergonomic}
    uintx GCTimeRatio                              = 4                                         {product} {command line}
     bool HeapDumpOnOutOfMemoryError               = true                                   {manageable} {command line}
    ccstr HeapDumpPath                             = c:\Users\55819\AppData\Roaming\Code\User\workspaceStorage\626599fb12614638a37c717de37c446c\redhat.java         {manageable} {command line}
   size_t InitialHeapSize                          = 104857600                                 {product} {command line}
   size_t MaxHeapSize                              = 4294967296                                {product} {command line}
   size_t MaxNewSize                               = 1431306240                                {product} {ergonomic}
   size_t MinHeapDeltaBytes                        = 524288                                    {product} {ergonomic}
   size_t MinHeapSize                              = 104857600                                 {product} {command line}
   size_t NewSize                                  = 34603008                                  {product} {ergonomic}
    uintx NonNMethodCodeHeapSize                   = 5826188                                {pd product} {ergonomic}
    uintx NonProfiledCodeHeapSize                  = 122916026                              {pd product} {ergonomic}
   size_t OldSize                                  = 70254592                                  {product} {ergonomic}
    uintx ProfiledCodeHeapSize                     = 122916026                              {pd product} {ergonomic}
    uintx ReservedCodeCacheSize                    = 251658240                              {pd product} {ergonomic}
     bool SegmentedCodeCache                       = true                                      {product} {ergonomic}
   size_t SoftMaxHeapSize                          = 4294967296                             {manageable} {ergonomic}
     bool UseCompressedOops                        = true                           {product lp64_product} {ergonomic}
     bool UseLargePagesIndividualAllocation        = false                                  {pd product} {ergonomic}
     bool UseParallelGC                            = true                                      {product} {command line}

Logging:
Log output configuration:
 #0: stdout all=off uptime,level,tags foldmultilines=false
 #1: stderr all=off uptime,level,tags foldmultilines=false

Release file:
JAVA_VERSION="21.0.12.1" 
MODULES="java.base java.compiler java.datatransfer java.xml java.prefs java.desktop java.instrument java.logging java.management java.security.sasl java.naming java.rmi java.management.rmi java.net.http java.scripting java.security.jgss java.transaction.xa java.sql java.sql.rowset java.xml.crypto java.se java.smartcardio jdk.accessibility jdk.internal.jvmstat jdk.attach jdk.charsets jdk.internal.opt jdk.zipfs jdk.compiler jdk.crypto.ec jdk.crypto.cryptoki jdk.crypto.mscapi jdk.dynalink jdk.internal.ed jdk.editpad jdk.hotspot.agent jdk.httpserver jdk.internal.le jdk.internal.vm.ci jdk.internal.vm.compiler jdk.internal.vm.compiler.management jdk.jartool jdk.javadoc jdk.jcmd jdk.management jdk.management.agent jdk.jconsole jdk.jdeps jdk.jdwp.agent jdk.jdi jdk.jfr jdk.jshell jdk.jsobject jdk.jstatd jdk.localedata jdk.management.jfr jdk.naming.dns jdk.naming.rmi jdk.net jdk.nio.mapmode jdk.random jdk.sctp jdk.security.auth jdk.security.jgss jdk.unsupported jdk.unsupported.desktop jdk.xml.dom" 

Environment Variables:
PATH=C:\Program Files\Common Files\Oracle\Java\javapath;C:\WINDOWS\system32;C:\WINDOWS;C:\WINDOWS\System32\Wbem;C:\WINDOWS\System32\WindowsPowerShell\v1.0\;C:\WINDOWS\System32\OpenSSH\;C:\Program Files\dotnet\;C:\Program Files\dotnet\;C:\Program Files\Git\cmd;C:\Program Files\MySQL\MySQL Shell 8.0\bin\;C:\Users\55819\AppData\Local\Microsoft\WindowsApps;C:\Users\55819\AppData\Local\Programs\Microsoft VS Code\bin;C:\Users\55819\.dotnet\tools;C:\Program Files\MySQL\MySQL Server 8.0\bin;C:\Program Files\nodejs\;C:\Users\55819\AppData\Local\Python\pythoncore-3.14-64\Scripts;C:\Program Files\Java\jdk-21.0.12.1;%MAVEN_HOME%\bin;C:\Program Files\MySQL\MySQL Shell 8.0\bin\;C:\Users\55819\AppData\Local\Microsoft\WindowsApps;C:\Users\55819\AppData\Local\Programs\Microsoft VS Code\bin;C:\Users\55819\.dotnet\tools;C:\Users\55819\AppData\Roaming\npm;C:\Users\55819\AppData\Local\Python\bin;C:\Users\55819\AppData\Local\Python\pythoncore-3.14-64\Scripts;C:\Program Files\Java\jdk-21.0.12.1;C:\maven\apache-maven-3.9.16-bin\apache-maven-3.9.16\bin;
USERNAME=55819
OS=Windows_NT
PROCESSOR_IDENTIFIER=Intel64 Family 6 Model 122 Stepping 8, GenuineIntel
TMP=C:\Users\55819\AppData\Local\Temp
TEMP=C:\Users\55819\AppData\Local\Temp




Periodic native trim disabled

---------------  S Y S T E M  ---------------

OS:
 Windows 11 , 64 bit Build 26100 (10.0.26100.9444)
OS uptime: 3 days 23:42 hours

CPU: total 2 (initial active 2) (2 cores per cpu, 1 threads per core) family 6 model 122 stepping 8 microcode 0x1a, cx8, cmov, fxsr, mmx, 3dnowpref, sse, sse2, sse3, ssse3, sse4.1, sse4.2, popcnt, tsc, tscinvbit, aes, erms, clmul, sha, clflush, clflushopt, rdtscp, rdpid
Processor Information for the first 2 processors :
  Max Mhz: 1101, Current Mhz: 1101, Mhz Limit: 1101

Memory: 4k page, system-wide physical 3902M (97M free)
TotalPageFile size 15678M (AvailPageFile size 5M)
current process WorkingSet (physical memory assigned to process): 237M, peak: 279M
current process commit charge ("private bytes"): 445M, peak: 447M

vm_info: OpenJDK 64-Bit Server VM (21.0.12.1+1-LTS) for windows-amd64 JRE (21.0.12.1+1-LTS), built on 2026-08-18T00:00:00Z by "admin" with MS VC++ 17.12 (VS2022)

END.
