#
# There is insufficient memory for the Java Runtime Environment to continue.
# Native memory allocation (malloc) failed to allocate 1581376 bytes. Error detail: Chunk::new
# Possible reasons:
#   The system is out of physical RAM or swap space
#   This process is running with CompressedOops enabled, and the Java Heap may be blocking the growth of the native heap
# Possible solutions:
#   Reduce memory load on the system
#   Increase physical memory or swap space
#   Check if swap backing store is full
#   Decrease Java heap size (-Xmx/-Xms)
#   Decrease number of Java threads
#   Decrease Java thread stack sizes (-Xss)
#   Set larger code cache with -XX:ReservedCodeCacheSize=
#   JVM is running with Zero Based Compressed Oops mode in which the Java heap is
#     placed in the first 32GB address space. The Java Heap base address is the
#     maximum limit for the native heap growth. Please use -XX:HeapBaseMinAddress
#     to set the Java Heap base and to place the Java Heap above 32GB virtual address.
# This output file may be truncated or incomplete.
#
#  Out of Memory Error (arena.cpp:168), pid=9408, tid=16432
#
# JRE version: OpenJDK Runtime Environment Temurin-21.0.12.1+1 (21.0.12.1+1) (build 21.0.12.1+1-LTS)
# Java VM: OpenJDK 64-Bit Server VM Temurin-21.0.12.1+1 (21.0.12.1+1-LTS, mixed mode, sharing, tiered, compressed oops, compressed class ptrs, parallel gc, windows-amd64)
# No core dump will be written. Minidumps are not enabled by default on client versions of Windows
#

---------------  S U M M A R Y ------------

Command Line: --add-modules=ALL-SYSTEM --add-opens=java.base/java.util=ALL-UNNAMED --add-opens=java.base/java.lang=ALL-UNNAMED --add-opens=java.base/sun.nio.fs=ALL-UNNAMED -Declipse.application=org.eclipse.jdt.ls.core.id1 -Dosgi.bundles.defaultStartLevel=4 -Declipse.product=org.eclipse.jdt.ls.core.product -Djava.import.generatesMetadataFilesAtProjectRoot=false -Dm2e.project.cache.size=50 -DDetectVMInstallationsJob.disabled=true -Dfile.encoding=utf8 -XX:+UseParallelGC -XX:GCTimeRatio=4 -XX:AdaptiveSizePolicyWeight=90 -Dsun.zip.disableMemoryMapping=true -Xmx4G -Xms100m -Xlog:disable -javaagent:c:\Users\55819\.vscode\extensions\redhat.java-1.56.0-win32-x64\lombok\lombok-1.18.39-4050.jar -XX:+HeapDumpOnOutOfMemoryError -XX:HeapDumpPath=c:\Users\55819\AppData\Roaming\Code\User\workspaceStorage\626599fb12614638a37c717de37c446c\redhat.java -Daether.dependencyCollector.impl=bf c:\Users\55819\.vscode\extensions\redhat.java-1.56.0-win32-x64\server\plugins\org.eclipse.equinox.launcher_1.8.0.v20260804-1928.jar -configuration c:\Users\55819\AppData\Roaming\Code\User\globalStorage\redhat.java\1.56.0\config_win -data c:\Users\55819\AppData\Roaming\Code\User\workspaceStorage\626599fb12614638a37c717de37c446c\redhat.java\jdt_ws --stdio

Host: Intel(R) Celeron(R) N4020 CPU @ 1.10GHz, 2 cores, 3G,  Windows 11 , 64 bit Build 26100 (10.0.26100.9444)
Time: Mon Sep 21 17:26:07 2026 Hora oficial do Brasil elapsed time: 42.793234 seconds (0d 0h 0m 42s)

---------------  T H R E A D  ---------------

Current thread (0x00000238c8c65920):  JavaThread "C2 CompilerThread0" daemon [_thread_in_native, id=16432, stack(0x00000048d5500000,0x00000048d5600000) (1024K)]


Current CompileTask:
C2:42793 4604   !   4       org.eclipse.osgi.internal.loader.classpath.ClasspathManager::findClassImpl (328 bytes)

Stack: [0x00000048d5500000,0x00000048d5600000]
Native frames: (J=compiled Java code, j=interpreted, Vv=VM code, C=native code)
V  [jvm.dll+0x6d83e9]
V  [jvm.dll+0x8b5736]
V  [jvm.dll+0x8b7cee]
V  [jvm.dll+0x8b83d3]
V  [jvm.dll+0x284596]
V  [jvm.dll+0xc685d]
V  [jvm.dll+0xc6da1]
V  [jvm.dll+0x3bf18b]
V  [jvm.dll+0x1e3f42]
V  [jvm.dll+0x24c853]
V  [jvm.dll+0x24bce0]
V  [jvm.dll+0x1cb4ae]
V  [jvm.dll+0x25baad]
V  [jvm.dll+0x25a03a]
V  [jvm.dll+0x3f8aae]
V  [jvm.dll+0x8600cd]
V  [jvm.dll+0x6d6c1d]
C  [ucrtbase.dll+0x2cd30]
C  [KERNEL32.DLL+0x2cd87]
C  [ntdll.dll+0xacaec]


---------------  P R O C E S S  ---------------

Threads class SMR info:
_java_thread_list=0x0000023910d1f200, length=23, elements={
0x00000238ad94cc10, 0x00000238ada0b870, 0x00000238ada0de50, 0x00000238c8c60a60,
0x00000238c8c616c0, 0x00000238c8c64130, 0x00000238c8c64b90, 0x00000238c8c65920,
0x00000238c8cdeb90, 0x000002390a598b90, 0x000002390a5a3c10, 0x000002390a7ee3b0,
0x000002390f40dc80, 0x00000238c8cb56d0, 0x00000238c8cb2a20, 0x000002390f90ff00,
0x000002390f6ca370, 0x000002390a47b660, 0x000002390f653930, 0x000002390f656720,
0x000002390f653fc0, 0x000002390f656090, 0x000002390f654ce0
}

Java Threads: ( => current thread )
  0x00000238ad94cc10 JavaThread "main"                              [_thread_blocked, id=9972, stack(0x00000048d4a00000,0x00000048d4b00000) (1024K)]
  0x00000238ada0b870 JavaThread "Reference Handler"          daemon [_thread_blocked, id=19624, stack(0x00000048d4f00000,0x00000048d5000000) (1024K)]
  0x00000238ada0de50 JavaThread "Finalizer"                  daemon [_thread_blocked, id=20840, stack(0x00000048d5000000,0x00000048d5100000) (1024K)]
  0x00000238c8c60a60 JavaThread "Signal Dispatcher"          daemon [_thread_blocked, id=10216, stack(0x00000048d5100000,0x00000048d5200000) (1024K)]
  0x00000238c8c616c0 JavaThread "Attach Listener"            daemon [_thread_blocked, id=18116, stack(0x00000048d5200000,0x00000048d5300000) (1024K)]
  0x00000238c8c64130 JavaThread "Service Thread"             daemon [_thread_blocked, id=2904, stack(0x00000048d5300000,0x00000048d5400000) (1024K)]
  0x00000238c8c64b90 JavaThread "Monitor Deflation Thread"   daemon [_thread_blocked, id=8584, stack(0x00000048d5400000,0x00000048d5500000) (1024K)]
=>0x00000238c8c65920 JavaThread "C2 CompilerThread0"         daemon [_thread_in_native, id=16432, stack(0x00000048d5500000,0x00000048d5600000) (1024K)]
  0x00000238c8cdeb90 JavaThread "C1 CompilerThread0"         daemon [_thread_blocked, id=3724, stack(0x00000048d5600000,0x00000048d5700000) (1024K)]
  0x000002390a598b90 JavaThread "Common-Cleaner"             daemon [_thread_blocked, id=18024, stack(0x00000048d5700000,0x00000048d5800000) (1024K)]
  0x000002390a5a3c10 JavaThread "Notification Thread"        daemon [_thread_blocked, id=19596, stack(0x00000048d5800000,0x00000048d5900000) (1024K)]
  0x000002390a7ee3b0 JavaThread "Active Thread: Equinox Container: 9faa215e-14e0-46cd-86a9-8c8c24b7dadd"        [_thread_blocked, id=14960, stack(0x00000048d5a00000,0x00000048d5b00000) (1024K)]
  0x000002390f40dc80 JavaThread "Refresh Thread: Equinox Container: 9faa215e-14e0-46cd-86a9-8c8c24b7dadd" daemon [_thread_blocked, id=17260, stack(0x00000048d5b00000,0x00000048d5c00000) (1024K)]
  0x00000238c8cb56d0 JavaThread "Framework Event Dispatcher: Equinox Container: 9faa215e-14e0-46cd-86a9-8c8c24b7dadd" daemon [_thread_blocked, id=15584, stack(0x00000048d5c00000,0x00000048d5d00000) (1024K)]
  0x00000238c8cb2a20 JavaThread "Start Level: Equinox Container: 9faa215e-14e0-46cd-86a9-8c8c24b7dadd" daemon [_thread_blocked, id=12888, stack(0x00000048d5d00000,0x00000048d5e00000) (1024K)]
  0x000002390f90ff00 JavaThread "Bundle File Closer"         daemon [_thread_blocked, id=13288, stack(0x00000048d5e00000,0x00000048d5f00000) (1024K)]
  0x000002390f6ca370 JavaThread "SCR Component Actor"        daemon [_thread_blocked, id=20652, stack(0x00000048d5f00000,0x00000048d6000000) (1024K)]
  0x000002390a47b660 JavaThread "Worker-JM"                         [_thread_blocked, id=13300, stack(0x00000048d6000000,0x00000048d6100000) (1024K)]
  0x000002390f653930 JavaThread "JNA Cleaner"                daemon [_thread_blocked, id=10632, stack(0x00000048d6100000,0x00000048d6200000) (1024K)]
  0x000002390f656720 JavaThread "Worker-0"                          [_thread_blocked, id=6160, stack(0x00000048d6200000,0x00000048d6300000) (1024K)]
  0x000002390f653fc0 JavaThread "Worker-1: Repository registry initialization"        [_thread_in_native, id=1412, stack(0x00000048d6300000,0x00000048d6400000) (1024K)]
  0x000002390f656090 JavaThread "Worker-2"                          [_thread_blocked, id=13636, stack(0x00000048d6400000,0x00000048d6500000) (1024K)]
  0x000002390f654ce0 JavaThread "Java indexing"              daemon [_thread_new, id=9984, stack(0x0000000000000000,0x0000000000000000) (0B)]
Total: 23

Other Threads:
  0x00000238c8c5dad0 VMThread "VM Thread"                           [id=3568, stack(0x00000048d4e00000,0x00000048d4f00000) (1024K)] _threads_hazard_ptr=0x0000023910d1f200
  0x00000238c8c3cb00 WatcherThread "VM Periodic Task Thread"        [id=14920, stack(0x00000048d4d00000,0x00000048d4e00000) (1024K)]
  0x00000238ad96af20 WorkerThread "GC Thread#0"                     [id=20888, stack(0x00000048d4c00000,0x00000048d4d00000) (1024K)]
  0x000002390a7251a0 WorkerThread "GC Thread#1"                     [id=19148, stack(0x00000048d5900000,0x00000048d5a00000) (1024K)]
Total: 4

Threads with active compile tasks:
C2 CompilerThread0  42896 4604   !   4       org.eclipse.osgi.internal.loader.classpath.ClasspathManager::findClassImpl (328 bytes)
Total: 1

VM state: not at safepoint (normal execution)

VM Mutex/Monitor currently owned by a thread: None

Heap address: 0x0000000700000000, size: 4096 MB, Compressed Oops mode: Zero based, Oop shift amount: 3

CDS archive(s) mapped at: [0x00000238c9000000-0x00000238c9ba0000-0x00000238c9ba0000), size 12189696, SharedBaseAddress: 0x00000238c9000000, ArchiveRelocationMode: 1.
Compressed class space mapped at: 0x00000238ca000000-0x000002390a000000, reserved size: 1073741824
Narrow klass base: 0x00000238c9000000, Narrow klass shift: 0, Narrow klass range: 0x100000000

GC Precious Log:
 CardTable entry size: 512
 CPUs: 2 total, 2 available
 Memory: 3902M
 Large Page Support: Disabled
 NUMA Support: Disabled
 Compressed Oops: Enabled (Zero based)
 Alignments: Space 512K, Generation 512K, Heap 2M
 Heap Min Capacity: 100M
 Heap Initial Capacity: 100M
 Heap Max Capacity: 4G
 Pre-touch: Disabled
 Parallel Workers: 2

Heap:
 PSYoungGen      total 26112K, used 13108K [0x00000007aab00000, 0x00000007ac800000, 0x0000000800000000)
  eden space 22528K, 54% used [0x00000007aab00000,0x00000007ab6f36a8,0x00000007ac100000)
  from space 3584K, 24% used [0x00000007ac200000,0x00000007ac2d9c28,0x00000007ac580000)
  to   space 2048K, 0% used [0x00000007ac600000,0x00000007ac600000,0x00000007ac800000)
 ParOldGen       total 68608K, used 16425K [0x0000000700000000, 0x0000000704300000, 0x00000007aab00000)
  object space 68608K, 23% used [0x0000000700000000,0x000000070100a458,0x0000000704300000)
 Metaspace       used 31622K, committed 32640K, reserved 1114112K
  class space    used 3250K, committed 3712K, reserved 1048576K

Card table byte_map: [0x00000238bfb50000,0x00000238c0360000] _byte_map_base: 0x00000238bc350000

Marking Bits: (ParMarkBitMap*) 0x00007ffdf4db44a0
 Begin Bits: [0x00000238c0360000, 0x00000238c4360000)
 End Bits:   [0x00000238c4360000, 0x00000238c8360000)

Polling page: 0x00000238ab5d0000

Metaspace:

Usage:
  Non-class:     27.71 MB used.
      Class:      3.17 MB used.
       Both:     30.88 MB used.

Virtual space:
  Non-class space:       64.00 MB reserved,      28.25 MB ( 44%) committed,  1 nodes.
      Class space:        1.00 GB reserved,       3.62 MB ( <1%) committed,  1 nodes.
             Both:        1.06 GB reserved,      31.88 MB (  3%) committed. 

Chunk freelists:
   Non-Class:  3.59 MB
       Class:  12.39 MB
        Both:  15.98 MB

MaxMetaspaceSize: unlimited
CompressedClassSpaceSize: 1.00 GB
Initial GC threshold: 21.00 MB
Current GC threshold: 35.00 MB
CDS: on
 - commit_granule_bytes: 65536.
 - commit_granule_words: 8192.
 - virtual_space_node_default_size: 8388608.
 - enlarge_chunks_in_place: 1.
 - use_allocation_guard: 0.


Internal statistics:

num_allocs_failed_limit: 3.
num_arena_births: 854.
num_arena_deaths: 14.
num_vsnodes_births: 2.
num_vsnodes_deaths: 0.
num_space_committed: 510.
num_space_uncommitted: 0.
num_chunks_returned_to_freelist: 17.
num_chunks_taken_from_freelist: 2185.
num_chunk_merges: 6.
num_chunk_splits: 1375.
num_chunks_enlarged: 819.
num_inconsistent_stats: 0.

CodeHeap 'non-profiled nmethods': size=120064Kb used=2285Kb max_used=2285Kb free=117778Kb
 bounds [0x00000238b8610000, 0x00000238b8880000, 0x00000238bfb50000]
CodeHeap 'profiled nmethods': size=120000Kb used=9922Kb max_used=9922Kb free=110077Kb
 bounds [0x00000238b0b50000, 0x00000238b1510000, 0x00000238b8080000]
CodeHeap 'non-nmethods': size=5696Kb used=1336Kb max_used=1383Kb free=4359Kb
 bounds [0x00000238b8080000, 0x00000238b82f0000, 0x00000238b8610000]
CodeCache: size=245760Kb, used=13543Kb, max_used=13590Kb, free=232214Kb
 total_blobs=5236, nmethods=4606, adapters=537, full_count=0
Compilation: enabled, stopped_count=0, restarted_count=0

Compilation events (20 events):
Event: 42.131 Thread 0x00000238c8cdeb90 4601       3       java.lang.Class::getDeclaredFields (27 bytes)
Event: 42.131 Thread 0x00000238c8cdeb90 nmethod 4601 0x00000238b14fdd10 code [0x00000238b14fdee0, 0x00000238b14fe148]
Event: 42.131 Thread 0x00000238c8c65920 nmethod 4597 0x00000238b884a510 code [0x00000238b884a6a0, 0x00000238b884a880]
Event: 42.147 Thread 0x00000238c8cdeb90 4602       3       sun.reflect.annotation.AnnotatedTypeFactory::isArray (32 bytes)
Event: 42.147 Thread 0x00000238c8cdeb90 nmethod 4602 0x00000238b14fe290 code [0x00000238b14fe460, 0x00000238b14fe968]
Event: 42.169 Thread 0x00000238c8c65920 4603       4       org.eclipse.osgi.internal.loader.BundleLoader::getPackageName (25 bytes)
Event: 42.183 Thread 0x00000238c8c65920 nmethod 4603 0x00000238b884aa10 code [0x00000238b884abe0, 0x00000238b884b1e8]
Event: 42.191 Thread 0x00000238c8c65920 4604   !   4       org.eclipse.osgi.internal.loader.classpath.ClasspathManager::findClassImpl (328 bytes)
Event: 42.442 Thread 0x00000238c8cdeb90 4606       2       org.eclipse.osgi.internal.debug.Debug::loaderWithClass (40 bytes)
Event: 42.442 Thread 0x00000238c8cdeb90 nmethod 4606 0x00000238b14fea90 code [0x00000238b14fec80, 0x00000238b14fef20]
Event: 42.442 Thread 0x00000238c8cdeb90 4607       2       java.util.HashSet::contains (9 bytes)
Event: 42.443 Thread 0x00000238c8cdeb90 nmethod 4607 0x00000238b14ff090 code [0x00000238b14ff240, 0x00000238b14ff378]
Event: 42.448 Thread 0x00000238c8cdeb90 4608       2       java.util.HashSet::add (20 bytes)
Event: 42.449 Thread 0x00000238c8cdeb90 nmethod 4608 0x00000238b14ff410 code [0x00000238b14ff5c0, 0x00000238b14ff718]
Event: 42.449 Thread 0x00000238c8cdeb90 4609       3       java.io.BufferedReader::readLine (7 bytes)
Event: 42.449 Thread 0x00000238c8cdeb90 nmethod 4609 0x00000238b14ff790 code [0x00000238b14ff940, 0x00000238b14ffaa8]
Event: 42.471 Thread 0x00000238c8cdeb90 4610       3       java.nio.HeapByteBuffer::compact (85 bytes)
Event: 42.480 Thread 0x00000238c8cdeb90 nmethod 4610 0x00000238b14ffb90 code [0x00000238b14ffda0, 0x00000238b15003c0]
Event: 42.481 Thread 0x00000238c8cdeb90 4611       3       java.nio.Buffer::discardMark (6 bytes)
Event: 42.481 Thread 0x00000238c8cdeb90 nmethod 4611 0x00000238b1500610 code [0x00000238b15007a0, 0x00000238b15008b0]

GC Heap History (20 events):
Event: 21.042 GC heap before
{Heap before GC invocations=3 (full 0):
 PSYoungGen      total 29696K, used 29680K [0x00000007aab00000, 0x00000007acc00000, 0x0000000800000000)
  eden space 25600K, 100% used [0x00000007aab00000,0x00000007ac400000,0x00000007ac400000)
  from space 4096K, 99% used [0x00000007ac800000,0x00000007acbfc148,0x00000007acc00000)
  to   space 4096K, 0% used [0x00000007ac400000,0x00000007ac400000,0x00000007ac800000)
 ParOldGen       total 68608K, used 1946K [0x0000000700000000, 0x0000000704300000, 0x00000007aab00000)
  object space 68608K, 2% used [0x0000000700000000,0x00000007001e69f0,0x0000000704300000)
 Metaspace       used 9524K, committed 9856K, reserved 1114112K
  class space    used 1010K, committed 1152K, reserved 1048576K
}
Event: 21.058 GC heap after
{Heap after GC invocations=3 (full 0):
 PSYoungGen      total 29696K, used 4071K [0x00000007aab00000, 0x00000007acc00000, 0x0000000800000000)
  eden space 25600K, 0% used [0x00000007aab00000,0x00000007aab00000,0x00000007ac400000)
  from space 4096K, 99% used [0x00000007ac400000,0x00000007ac7f9ef0,0x00000007ac800000)
  to   space 4096K, 0% used [0x00000007ac800000,0x00000007ac800000,0x00000007acc00000)
 ParOldGen       total 68608K, used 4734K [0x0000000700000000, 0x0000000704300000, 0x00000007aab00000)
  object space 68608K, 6% used [0x0000000700000000,0x000000070049fb80,0x0000000704300000)
 Metaspace       used 9524K, committed 9856K, reserved 1114112K
  class space    used 1010K, committed 1152K, reserved 1048576K
}
Event: 24.906 GC heap before
{Heap before GC invocations=4 (full 0):
 PSYoungGen      total 29696K, used 29671K [0x00000007aab00000, 0x00000007acc00000, 0x0000000800000000)
  eden space 25600K, 100% used [0x00000007aab00000,0x00000007ac400000,0x00000007ac400000)
  from space 4096K, 99% used [0x00000007ac400000,0x00000007ac7f9ef0,0x00000007ac800000)
  to   space 4096K, 0% used [0x00000007ac800000,0x00000007ac800000,0x00000007acc00000)
 ParOldGen       total 68608K, used 4734K [0x0000000700000000, 0x0000000704300000, 0x00000007aab00000)
  object space 68608K, 6% used [0x0000000700000000,0x000000070049fb80,0x0000000704300000)
 Metaspace       used 11719K, committed 12096K, reserved 1114112K
  class space    used 1233K, committed 1408K, reserved 1048576K
}
Event: 24.920 GC heap after
{Heap after GC invocations=4 (full 0):
 PSYoungGen      total 29696K, used 4067K [0x00000007aab00000, 0x00000007acc00000, 0x0000000800000000)
  eden space 25600K, 0% used [0x00000007aab00000,0x00000007aab00000,0x00000007ac400000)
  from space 4096K, 99% used [0x00000007ac800000,0x00000007acbf8d48,0x00000007acc00000)
  to   space 4096K, 0% used [0x00000007ac400000,0x00000007ac400000,0x00000007ac800000)
 ParOldGen       total 68608K, used 6347K [0x0000000700000000, 0x0000000704300000, 0x00000007aab00000)
  object space 68608K, 9% used [0x0000000700000000,0x0000000700632db8,0x0000000704300000)
 Metaspace       used 11719K, committed 12096K, reserved 1114112K
  class space    used 1233K, committed 1408K, reserved 1048576K
}
Event: 28.263 GC heap before
{Heap before GC invocations=5 (full 0):
 PSYoungGen      total 29696K, used 29667K [0x00000007aab00000, 0x00000007acc00000, 0x0000000800000000)
  eden space 25600K, 100% used [0x00000007aab00000,0x00000007ac400000,0x00000007ac400000)
  from space 4096K, 99% used [0x00000007ac800000,0x00000007acbf8d48,0x00000007acc00000)
  to   space 4096K, 0% used [0x00000007ac400000,0x00000007ac400000,0x00000007ac800000)
 ParOldGen       total 68608K, used 6347K [0x0000000700000000, 0x0000000704300000, 0x00000007aab00000)
  object space 68608K, 9% used [0x0000000700000000,0x0000000700632db8,0x0000000704300000)
 Metaspace       used 15751K, committed 16384K, reserved 1114112K
  class space    used 1627K, committed 1920K, reserved 1048576K
}
Event: 28.276 GC heap after
{Heap after GC invocations=5 (full 0):
 PSYoungGen      total 29184K, used 4073K [0x00000007aab00000, 0x00000007acf80000, 0x0000000800000000)
  eden space 25088K, 0% used [0x00000007aab00000,0x00000007aab00000,0x00000007ac380000)
  from space 4096K, 99% used [0x00000007ac400000,0x00000007ac7fa4e8,0x00000007ac800000)
  to   space 6144K, 0% used [0x00000007ac980000,0x00000007ac980000,0x00000007acf80000)
 ParOldGen       total 68608K, used 7785K [0x0000000700000000, 0x0000000704300000, 0x00000007aab00000)
  object space 68608K, 11% used [0x0000000700000000,0x000000070079a4b0,0x0000000704300000)
 Metaspace       used 15751K, committed 16384K, reserved 1114112K
  class space    used 1627K, committed 1920K, reserved 1048576K
}
Event: 34.249 GC heap before
{Heap before GC invocations=6 (full 0):
 PSYoungGen      total 29184K, used 29161K [0x00000007aab00000, 0x00000007acf80000, 0x0000000800000000)
  eden space 25088K, 100% used [0x00000007aab00000,0x00000007ac380000,0x00000007ac380000)
  from space 4096K, 99% used [0x00000007ac400000,0x00000007ac7fa4e8,0x00000007ac800000)
  to   space 6144K, 0% used [0x00000007ac980000,0x00000007ac980000,0x00000007acf80000)
 ParOldGen       total 68608K, used 7785K [0x0000000700000000, 0x0000000704300000, 0x00000007aab00000)
  object space 68608K, 11% used [0x0000000700000000,0x000000070079a4b0,0x0000000704300000)
 Metaspace       used 18910K, committed 19712K, reserved 1114112K
  class space    used 1978K, committed 2304K, reserved 1048576K
}
Event: 34.261 GC heap after
{Heap after GC invocations=6 (full 0):
 PSYoungGen      total 29184K, used 4527K [0x00000007aab00000, 0x00000007ace00000, 0x0000000800000000)
  eden space 24576K, 0% used [0x00000007aab00000,0x00000007aab00000,0x00000007ac300000)
  from space 4608K, 98% used [0x00000007ac980000,0x00000007acdebf98,0x00000007ace00000)
  to   space 5120K, 0% used [0x00000007ac400000,0x00000007ac400000,0x00000007ac900000)
 ParOldGen       total 68608K, used 7793K [0x0000000700000000, 0x0000000704300000, 0x00000007aab00000)
  object space 68608K, 11% used [0x0000000700000000,0x000000070079c4b0,0x0000000704300000)
 Metaspace       used 18910K, committed 19712K, reserved 1114112K
  class space    used 1978K, committed 2304K, reserved 1048576K
}
Event: 35.088 GC heap before
{Heap before GC invocations=7 (full 0):
 PSYoungGen      total 29184K, used 22676K [0x00000007aab00000, 0x00000007ace00000, 0x0000000800000000)
  eden space 24576K, 73% used [0x00000007aab00000,0x00000007abcb90f8,0x00000007ac300000)
  from space 4608K, 98% used [0x00000007ac980000,0x00000007acdebf98,0x00000007ace00000)
  to   space 5120K, 0% used [0x00000007ac400000,0x00000007ac400000,0x00000007ac900000)
 ParOldGen       total 68608K, used 7793K [0x0000000700000000, 0x0000000704300000, 0x00000007aab00000)
  object space 68608K, 11% used [0x0000000700000000,0x000000070079c4b0,0x0000000704300000)
 Metaspace       used 20684K, committed 21504K, reserved 1114112K
  class space    used 2198K, committed 2560K, reserved 1048576K
}
Event: 35.101 GC heap after
{Heap after GC invocations=7 (full 0):
 PSYoungGen      total 28672K, used 3984K [0x00000007aab00000, 0x00000007acc00000, 0x0000000800000000)
  eden space 24576K, 0% used [0x00000007aab00000,0x00000007aab00000,0x00000007ac300000)
  from space 4096K, 97% used [0x00000007ac400000,0x00000007ac7e4300,0x00000007ac800000)
  to   space 4096K, 0% used [0x00000007ac800000,0x00000007ac800000,0x00000007acc00000)
 ParOldGen       total 68608K, used 9432K [0x0000000700000000, 0x0000000704300000, 0x00000007aab00000)
  object space 68608K, 13% used [0x0000000700000000,0x0000000700936178,0x0000000704300000)
 Metaspace       used 20684K, committed 21504K, reserved 1114112K
  class space    used 2198K, committed 2560K, reserved 1048576K
}
Event: 35.101 GC heap before
{Heap before GC invocations=8 (full 1):
 PSYoungGen      total 28672K, used 3984K [0x00000007aab00000, 0x00000007acc00000, 0x0000000800000000)
  eden space 24576K, 0% used [0x00000007aab00000,0x00000007aab00000,0x00000007ac300000)
  from space 4096K, 97% used [0x00000007ac400000,0x00000007ac7e4300,0x00000007ac800000)
  to   space 4096K, 0% used [0x00000007ac800000,0x00000007ac800000,0x00000007acc00000)
 ParOldGen       total 68608K, used 9432K [0x0000000700000000, 0x0000000704300000, 0x00000007aab00000)
  object space 68608K, 13% used [0x0000000700000000,0x0000000700936178,0x0000000704300000)
 Metaspace       used 20684K, committed 21504K, reserved 1114112K
  class space    used 2198K, committed 2560K, reserved 1048576K
}
Event: 35.209 GC heap after
{Heap after GC invocations=8 (full 1):
 PSYoungGen      total 28672K, used 0K [0x00000007aab00000, 0x00000007acc00000, 0x0000000800000000)
  eden space 24576K, 0% used [0x00000007aab00000,0x00000007aab00000,0x00000007ac300000)
  from space 4096K, 0% used [0x00000007ac400000,0x00000007ac400000,0x00000007ac800000)
  to   space 4096K, 0% used [0x00000007ac800000,0x00000007ac800000,0x00000007acc00000)
 ParOldGen       total 68608K, used 12971K [0x0000000700000000, 0x0000000704300000, 0x00000007aab00000)
  object space 68608K, 18% used [0x0000000700000000,0x0000000700caaeb8,0x0000000704300000)
 Metaspace       used 20672K, committed 21504K, reserved 1114112K
  class space    used 2195K, committed 2560K, reserved 1048576K
}
Event: 36.179 GC heap before
{Heap before GC invocations=9 (full 1):
 PSYoungGen      total 28672K, used 24576K [0x00000007aab00000, 0x00000007acc00000, 0x0000000800000000)
  eden space 24576K, 100% used [0x00000007aab00000,0x00000007ac300000,0x00000007ac300000)
  from space 4096K, 0% used [0x00000007ac400000,0x00000007ac400000,0x00000007ac800000)
  to   space 4096K, 0% used [0x00000007ac800000,0x00000007ac800000,0x00000007acc00000)
 ParOldGen       total 68608K, used 12971K [0x0000000700000000, 0x0000000704300000, 0x00000007aab00000)
  object space 68608K, 18% used [0x0000000700000000,0x0000000700caaeb8,0x0000000704300000)
 Metaspace       used 22643K, committed 23552K, reserved 1114112K
  class space    used 2377K, committed 2752K, reserved 1048576K
}
Event: 36.183 GC heap after
{Heap after GC invocations=9 (full 1):
 PSYoungGen      total 26624K, used 2195K [0x00000007aab00000, 0x00000007aca80000, 0x0000000800000000)
  eden space 24064K, 0% used [0x00000007aab00000,0x00000007aab00000,0x00000007ac280000)
  from space 2560K, 85% used [0x00000007ac800000,0x00000007aca24d98,0x00000007aca80000)
  to   space 3072K, 0% used [0x00000007ac480000,0x00000007ac480000,0x00000007ac780000)
 ParOldGen       total 68608K, used 12979K [0x0000000700000000, 0x0000000704300000, 0x00000007aab00000)
  object space 68608K, 18% used [0x0000000700000000,0x0000000700caceb8,0x0000000704300000)
 Metaspace       used 22643K, committed 23552K, reserved 1114112K
  class space    used 2377K, committed 2752K, reserved 1048576K
}
Event: 37.278 GC heap before
{Heap before GC invocations=10 (full 1):
 PSYoungGen      total 26624K, used 26259K [0x00000007aab00000, 0x00000007aca80000, 0x0000000800000000)
  eden space 24064K, 100% used [0x00000007aab00000,0x00000007ac280000,0x00000007ac280000)
  from space 2560K, 85% used [0x00000007ac800000,0x00000007aca24d98,0x00000007aca80000)
  to   space 3072K, 0% used [0x00000007ac480000,0x00000007ac480000,0x00000007ac780000)
 ParOldGen       total 68608K, used 12979K [0x0000000700000000, 0x0000000704300000, 0x00000007aab00000)
  object space 68608K, 18% used [0x0000000700000000,0x0000000700caceb8,0x0000000704300000)
 Metaspace       used 26317K, committed 27328K, reserved 1114112K
  class space    used 2661K, committed 3072K, reserved 1048576K
}
Event: 37.286 GC heap after
{Heap after GC invocations=10 (full 1):
 PSYoungGen      total 26624K, used 3053K [0x00000007aab00000, 0x00000007ac900000, 0x0000000800000000)
  eden space 23552K, 0% used [0x00000007aab00000,0x00000007aab00000,0x00000007ac200000)
  from space 3072K, 99% used [0x00000007ac480000,0x00000007ac77b620,0x00000007ac780000)
  to   space 1536K, 0% used [0x00000007ac780000,0x00000007ac780000,0x00000007ac900000)
 ParOldGen       total 68608K, used 13179K [0x0000000700000000, 0x0000000704300000, 0x00000007aab00000)
  object space 68608K, 19% used [0x0000000700000000,0x0000000700cdec30,0x0000000704300000)
 Metaspace       used 26317K, committed 27328K, reserved 1114112K
  class space    used 2661K, committed 3072K, reserved 1048576K
}
Event: 38.528 GC heap before
{Heap before GC invocations=11 (full 1):
 PSYoungGen      total 26624K, used 26605K [0x00000007aab00000, 0x00000007ac900000, 0x0000000800000000)
  eden space 23552K, 100% used [0x00000007aab00000,0x00000007ac200000,0x00000007ac200000)
  from space 3072K, 99% used [0x00000007ac480000,0x00000007ac77b620,0x00000007ac780000)
  to   space 1536K, 0% used [0x00000007ac780000,0x00000007ac780000,0x00000007ac900000)
 ParOldGen       total 68608K, used 13179K [0x0000000700000000, 0x0000000704300000, 0x00000007aab00000)
  object space 68608K, 19% used [0x0000000700000000,0x0000000700cdec30,0x0000000704300000)
 Metaspace       used 28967K, committed 29952K, reserved 1114112K
  class space    used 2949K, committed 3392K, reserved 1048576K
}
Event: 38.534 GC heap after
{Heap after GC invocations=11 (full 1):
 PSYoungGen      total 24576K, used 1531K [0x00000007aab00000, 0x00000007ac900000, 0x0000000800000000)
  eden space 23040K, 0% used [0x00000007aab00000,0x00000007aab00000,0x00000007ac180000)
  from space 1536K, 99% used [0x00000007ac780000,0x00000007ac8feda0,0x00000007ac900000)
  to   space 3584K, 0% used [0x00000007ac200000,0x00000007ac200000,0x00000007ac580000)
 ParOldGen       total 68608K, used 15025K [0x0000000700000000, 0x0000000704300000, 0x00000007aab00000)
  object space 68608K, 21% used [0x0000000700000000,0x0000000700eac758,0x0000000704300000)
 Metaspace       used 28967K, committed 29952K, reserved 1114112K
  class space    used 2949K, committed 3392K, reserved 1048576K
}
Event: 41.313 GC heap before
{Heap before GC invocations=12 (full 1):
 PSYoungGen      total 24576K, used 24571K [0x00000007aab00000, 0x00000007ac900000, 0x0000000800000000)
  eden space 23040K, 100% used [0x00000007aab00000,0x00000007ac180000,0x00000007ac180000)
  from space 1536K, 99% used [0x00000007ac780000,0x00000007ac8feda0,0x00000007ac900000)
  to   space 3584K, 0% used [0x00000007ac200000,0x00000007ac200000,0x00000007ac580000)
 ParOldGen       total 68608K, used 15025K [0x0000000700000000, 0x0000000704300000, 0x00000007aab00000)
  object space 68608K, 21% used [0x0000000700000000,0x0000000700eac758,0x0000000704300000)
 Metaspace       used 30817K, committed 31808K, reserved 1114112K
  class space    used 3165K, committed 3648K, reserved 1048576K
}
Event: 41.324 GC heap after
{Heap after GC invocations=12 (full 1):
 PSYoungGen      total 26112K, used 871K [0x00000007aab00000, 0x00000007ac800000, 0x0000000800000000)
  eden space 22528K, 0% used [0x00000007aab00000,0x00000007aab00000,0x00000007ac100000)
  from space 3584K, 24% used [0x00000007ac200000,0x00000007ac2d9c28,0x00000007ac580000)
  to   space 2048K, 0% used [0x00000007ac600000,0x00000007ac600000,0x00000007ac800000)
 ParOldGen       total 68608K, used 16425K [0x0000000700000000, 0x0000000704300000, 0x00000007aab00000)
  object space 68608K, 23% used [0x0000000700000000,0x000000070100a458,0x0000000704300000)
 Metaspace       used 30817K, committed 31808K, reserved 1114112K
  class space    used 3165K, committed 3648K, reserved 1048576K
}

Dll operation events (20 events):
Event: 0.035 Attempting to load shared library c:\Users\55819\.vscode\extensions\redhat.java-1.56.0-win32-x64\jre\21.0.12.1-win32-x86_64\bin\java.dll
Event: 0.035 Loaded shared library c:\Users\55819\.vscode\extensions\redhat.java-1.56.0-win32-x64\jre\21.0.12.1-win32-x86_64\bin\java.dll
Event: 1.182 Attempting to load shared library c:\Users\55819\.vscode\extensions\redhat.java-1.56.0-win32-x64\jre\21.0.12.1-win32-x86_64\bin\zip.dll
Event: 1.183 Loaded shared library c:\Users\55819\.vscode\extensions\redhat.java-1.56.0-win32-x64\jre\21.0.12.1-win32-x86_64\bin\zip.dll
Event: 1.539 Attempting to load shared library C:\Users\55819\.vscode\extensions\redhat.java-1.56.0-win32-x64\jre\21.0.12.1-win32-x86_64\bin\instrument.dll
Event: 1.539 Loaded shared library C:\Users\55819\.vscode\extensions\redhat.java-1.56.0-win32-x64\jre\21.0.12.1-win32-x86_64\bin\instrument.dll
Event: 1.546 Attempting to load shared library C:\Users\55819\.vscode\extensions\redhat.java-1.56.0-win32-x64\jre\21.0.12.1-win32-x86_64\bin\net.dll
Event: 1.548 Loaded shared library C:\Users\55819\.vscode\extensions\redhat.java-1.56.0-win32-x64\jre\21.0.12.1-win32-x86_64\bin\net.dll
Event: 1.551 Attempting to load shared library C:\Users\55819\.vscode\extensions\redhat.java-1.56.0-win32-x64\jre\21.0.12.1-win32-x86_64\bin\nio.dll
Event: 1.552 Loaded shared library C:\Users\55819\.vscode\extensions\redhat.java-1.56.0-win32-x64\jre\21.0.12.1-win32-x86_64\bin\nio.dll
Event: 1.949 Attempting to load shared library C:\Users\55819\.vscode\extensions\redhat.java-1.56.0-win32-x64\jre\21.0.12.1-win32-x86_64\bin\zip.dll
Event: 1.949 Loaded shared library C:\Users\55819\.vscode\extensions\redhat.java-1.56.0-win32-x64\jre\21.0.12.1-win32-x86_64\bin\zip.dll
Event: 2.076 Attempting to load shared library C:\Users\55819\.vscode\extensions\redhat.java-1.56.0-win32-x64\jre\21.0.12.1-win32-x86_64\bin\jimage.dll
Event: 2.076 Loaded shared library C:\Users\55819\.vscode\extensions\redhat.java-1.56.0-win32-x64\jre\21.0.12.1-win32-x86_64\bin\jimage.dll
Event: 2.992 Attempting to load shared library c:\Users\55819\.vscode\extensions\redhat.java-1.56.0-win32-x64\jre\21.0.12.1-win32-x86_64\bin\verify.dll
Event: 2.993 Loaded shared library c:\Users\55819\.vscode\extensions\redhat.java-1.56.0-win32-x64\jre\21.0.12.1-win32-x86_64\bin\verify.dll
Event: 16.524 Attempting to load shared library C:\Users\55819\AppData\Roaming\Code\User\globalStorage\redhat.java\1.56.0\config_win\org.eclipse.equinox.launcher\org.eclipse.equinox.launcher.win32.win32.x86_64_1.3.100.v20260804-1928\eclipse_11924.dll
Event: 16.538 Loaded shared library C:\Users\55819\AppData\Roaming\Code\User\globalStorage\redhat.java\1.56.0\config_win\org.eclipse.equinox.launcher\org.eclipse.equinox.launcher.win32.win32.x86_64_1.3.100.v20260804-1928\eclipse_11924.dll
Event: 28.957 Attempting to load shared library C:\Users\55819\AppData\Local\Temp\jna-50580928\jna18418361585749302206.dll
Event: 32.220 Loaded shared library C:\Users\55819\AppData\Local\Temp\jna-50580928\jna18418361585749302206.dll

Deoptimization events (20 events):
Event: 41.254 Thread 0x000002390f653fc0 Uncommon trap: trap_request=0xffffff45 fr.pc=0x00000238b873992c relative=0x000000000000010c
Event: 41.254 Thread 0x000002390f653fc0 Uncommon trap: reason=unstable_if action=reinterpret pc=0x00000238b873992c method=java.util.ArrayList.indexOfRange(Ljava/lang/Object;II)I @ 7 c2
Event: 41.254 Thread 0x000002390f653fc0 DEOPT PACKING pc=0x00000238b873992c sp=0x00000048d63fe590
Event: 41.254 Thread 0x000002390f653fc0 DEOPT UNPACKING pc=0x00000238b80d3a9c sp=0x00000048d63fe510 mode 2
Event: 41.652 Thread 0x000002390f653fc0 Uncommon trap: trap_request=0xffffff45 fr.pc=0x00000238b881d51c relative=0x00000000000011bc
Event: 41.652 Thread 0x000002390f653fc0 Uncommon trap: reason=unstable_if action=reinterpret pc=0x00000238b881d51c method=sun.nio.cs.StreamDecoder.lockedRead0()I @ 30 c2
Event: 41.652 Thread 0x000002390f653fc0 DEOPT PACKING pc=0x00000238b881d51c sp=0x00000048d63fe460
Event: 41.652 Thread 0x000002390f653fc0 DEOPT UNPACKING pc=0x00000238b80d3a9c sp=0x00000048d63fe0b0 mode 2
Event: 41.653 Thread 0x000002390f653fc0 Uncommon trap: trap_request=0xffffff45 fr.pc=0x00000238b8835038 relative=0x0000000000000178
Event: 41.653 Thread 0x000002390f653fc0 Uncommon trap: reason=unstable_if action=reinterpret pc=0x00000238b8835038 method=java.io.Reader.read()I @ 12 c2
Event: 41.653 Thread 0x000002390f653fc0 DEOPT PACKING pc=0x00000238b8835038 sp=0x00000048d63fe430
Event: 41.653 Thread 0x000002390f653fc0 DEOPT UNPACKING pc=0x00000238b80d3a9c sp=0x00000048d63fe3c0 mode 2
Event: 41.663 Thread 0x00000238c8cb2a20 DEOPT PACKING pc=0x00000238b10c81cc sp=0x00000048d5dfa4b0
Event: 41.663 Thread 0x00000238c8cb2a20 DEOPT UNPACKING pc=0x00000238b80d4223 sp=0x00000048d5df9a00 mode 0
Event: 41.663 Thread 0x00000238c8cb2a20 DEOPT PACKING pc=0x00000238b1006f94 sp=0x00000048d5dfa840
Event: 41.663 Thread 0x00000238c8cb2a20 DEOPT UNPACKING pc=0x00000238b80d4223 sp=0x00000048d5df9dd8 mode 0
Event: 41.713 Thread 0x000002390f653fc0 Uncommon trap: trap_request=0xffffff45 fr.pc=0x00000238b8836610 relative=0x0000000000000ab0
Event: 41.713 Thread 0x000002390f653fc0 Uncommon trap: reason=unstable_if action=reinterpret pc=0x00000238b8836610 method=org.codehaus.plexus.util.xml.pull.MXParser.nextImpl()I @ 241 c2
Event: 41.713 Thread 0x000002390f653fc0 DEOPT PACKING pc=0x00000238b8836610 sp=0x00000048d63fe720
Event: 41.713 Thread 0x000002390f653fc0 DEOPT UNPACKING pc=0x00000238b80d3a9c sp=0x00000048d63fe690 mode 2

Classes loaded (20 events):
Event: 41.382 Loading class com/sun/org/apache/xerces/internal/impl/msg/XMLMessages_pt_BR
Event: 41.382 Loading class com/sun/org/apache/xerces/internal/impl/msg/XMLMessages_pt_BR done
Event: 41.744 Loading class java/net/SocketAddress
Event: 41.745 Loading class java/net/SocketAddress done
Event: 41.745 Loading class java/net/InetSocketAddress
Event: 41.745 Loading class java/net/InetSocketAddress done
Event: 41.745 Loading class java/nio/channels/AsynchronousByteChannel
Event: 41.746 Loading class java/nio/channels/AsynchronousChannel
Event: 41.746 Loading class java/nio/channels/AsynchronousChannel done
Event: 41.746 Loading class java/nio/channels/AsynchronousByteChannel done
Event: 41.746 Loading class java/net/Authenticator
Event: 41.746 Loading class java/net/Authenticator done
Event: 41.790 Loading class java/lang/ProcessEnvironment
Event: 41.790 Loading class java/lang/ProcessEnvironment done
Event: 41.799 Loading class sun/reflect/generics/reflectiveObjects/TypeVariableImpl
Event: 41.800 Loading class sun/reflect/generics/reflectiveObjects/LazyReflectiveObjectGenerator
Event: 41.800 Loading class sun/reflect/generics/reflectiveObjects/LazyReflectiveObjectGenerator done
Event: 41.800 Loading class sun/reflect/generics/reflectiveObjects/TypeVariableImpl done
Event: 41.800 Loading class sun/reflect/generics/reflectiveObjects/ParameterizedTypeImpl
Event: 41.800 Loading class sun/reflect/generics/reflectiveObjects/ParameterizedTypeImpl done

Classes unloaded (7 events):
Event: 35.121 Thread 0x00000238c8c5dad0 Unloading class 0x00000238ca1aac00 'java/lang/invoke/LambdaForm$MH+0x00000238ca1aac00'
Event: 35.121 Thread 0x00000238c8c5dad0 Unloading class 0x00000238ca1aa800 'java/lang/invoke/LambdaForm$MH+0x00000238ca1aa800'
Event: 35.121 Thread 0x00000238c8c5dad0 Unloading class 0x00000238ca1aa400 'java/lang/invoke/LambdaForm$MH+0x00000238ca1aa400'
Event: 35.121 Thread 0x00000238c8c5dad0 Unloading class 0x00000238ca1aa000 'java/lang/invoke/LambdaForm$MH+0x00000238ca1aa000'
Event: 35.121 Thread 0x00000238c8c5dad0 Unloading class 0x00000238ca1a9c00 'java/lang/invoke/LambdaForm$BMH+0x00000238ca1a9c00'
Event: 35.121 Thread 0x00000238c8c5dad0 Unloading class 0x00000238ca1a9800 'java/lang/invoke/LambdaForm$DMH+0x00000238ca1a9800'
Event: 35.121 Thread 0x00000238c8c5dad0 Unloading class 0x00000238ca1a8400 'java/lang/invoke/LambdaForm$DMH+0x00000238ca1a8400'

Classes redefined (0 events):
No events

Internal exceptions (20 events):
Event: 35.275 Thread 0x00000238c8cb2a20 Exception <a 'java/lang/NoSuchMethodError'{0x00000007aab5a280}: 'int java.lang.invoke.Invokers$Holder.linkToTargetMethod(java.lang.Object, java.lang.Object)'> (0x00000007aab5a280) 
thrown [s\src\hotspot\share\interpreter\linkResolver.cpp, line 773]
Event: 35.392 Thread 0x00000238c8cb2a20 Exception <a 'java/lang/NoSuchMethodError'{0x00000007aac5ddb0}: 'java.lang.Object java.lang.invoke.Invokers$Holder.invoke_MT(java.lang.Object, java.lang.Object, java.lang.Object, java.lang.Object, java.lang.Object, java.lang.Object, java.lang.Object, java.lang.Object, java.lang.Object, java.lang.Object, java.lang.Object)'> (0x00000007aac5ddb0) 
thrown [s\src\hotspot\share\interpreter\linkResolver.cpp, line 773]
Event: 35.424 Thread 0x00000238c8cb2a20 Exception <a 'java/lang/NoSuchMethodError'{0x00000007aaceaa10}: 'java.lang.Object java.lang.invoke.Invokers$Holder.invoke_MT(java.lang.Object, java.lang.Object, java.lang.Object, java.lang.Object, java.lang.Object, java.lang.Object, java.lang.Object, java.lang.Object, java.lang.Object, java.lang.Object)'> (0x00000007aaceaa10) 
thrown [s\src\hotspot\share\interpreter\linkResolver.cpp, line 773]
Event: 35.525 Thread 0x00000238c8cb2a20 Exception <a 'java/lang/NoSuchMethodError'{0x00000007aada0ea0}: 'java.lang.Object java.lang.invoke.DirectMethodHandle$Holder.newInvokeSpecial(java.lang.Object, java.lang.Object, java.lang.Object, java.lang.Object, java.lang.Object, java.lang.Object, java.lang.Object)'> (0x00000007aada0ea0) 
thrown [s\src\hotspot\share\interpreter\linkResolver.cpp, line 773]
Event: 35.570 Thread 0x00000238c8cb2a20 Exception <a 'java/lang/NoSuchMethodError'{0x00000007aae19008}: 'java.lang.Object java.lang.invoke.Invokers$Holder.invoker(java.lang.Object, java.lang.Object, java.lang.Object, java.lang.Object, java.lang.Object, java.lang.Object, java.lang.Object, java.lang.Object, java.lang.Object, java.lang.Object, java.lang.Object, java.lang.Object, java.lang.Object)'> (0x00000007aae19008) 
thrown [s\src\hotspot\share\interpreter\linkResolver.cpp, line 773]
Event: 35.573 Thread 0x00000238c8cb2a20 Exception <a 'java/lang/NoSuchMethodError'{0x00000007aae234d0}: 'java.lang.Object java.lang.invoke.DelegatingMethodHandle$Holder.delegate(java.lang.Object, java.lang.Object, java.lang.Object, java.lang.Object, java.lang.Object, java.lang.Object, java.lang.Object, java.lang.Object, java.lang.Object, java.lang.Object, java.lang.Object, java.lang.Object, java.lang.Object)'> (0x00000007aae234d0) 
thrown [s\src\hotspot\share\interpreter\linkResolver.cpp, line 773]
Event: 35.604 Thread 0x00000238c8cb2a20 Exception <a 'java/lang/NoSuchMethodError'{0x00000007aae8ae10}: static Lorg/eclipse/m2e/core/internal/lifecyclemapping/model/PluginExecutionMetadata;.<clinit>()V> (0x00000007aae8ae10) 
thrown [s\src\hotspot\share\prims\jni.cpp, line 1111]
Event: 35.692 Thread 0x00000238c8cb2a20 Exception <a 'java/lang/NoSuchMethodError'{0x00000007aaeead08}: static Lorg/eclipse/m2e/core/internal/lifecyclemapping/model/PluginExecutionFilter;.<clinit>()V> (0x00000007aaeead08) 
thrown [s\src\hotspot\share\prims\jni.cpp, line 1111]
Event: 35.704 Thread 0x00000238c8cb2a20 Exception <a 'java/lang/NoSuchMethodError'{0x00000007aaf1a9e0}: static Lorg/eclipse/m2e/core/internal/project/registry/MavenProjectFacade$MavenProjectConfiguration;.<clinit>()V> (0x00000007aaf1a9e0) 
thrown [s\src\hotspot\share\prims\jni.cpp, line 1111]
Event: 35.875 Thread 0x00000238c8cb2a20 Exception <a 'java/lang/NoSuchMethodError'{0x00000007ab3be348}: 'double java.lang.invoke.DirectMethodHandle$Holder.invokeStatic(java.lang.Object, java.lang.Object)'> (0x00000007ab3be348) 
thrown [s\src\hotspot\share\interpreter\linkResolver.cpp, line 773]
Event: 35.876 Thread 0x00000238c8cb2a20 Exception <a 'java/lang/NoSuchMethodError'{0x00000007ab3c1a08}: 'double java.lang.invoke.DirectMethodHandle$Holder.invokeStaticInit(java.lang.Object, java.lang.Object)'> (0x00000007ab3c1a08) 
thrown [s\src\hotspot\share\interpreter\linkResolver.cpp, line 773]
Event: 36.988 Thread 0x00000238c8cb2a20 Implicit null exception at 0x00000238b87d18f7 to 0x00000238b87d19c8
Event: 37.169 Thread 0x000002390f653fc0 Exception <a 'java/lang/NoSuchMethodError'{0x00000007abe960b0}: 'java.lang.Object java.lang.invoke.DirectMethodHandle$Holder.invokeSpecialIFC(java.lang.Object, java.lang.Object, java.lang.Object, java.lang.Object)'> (0x00000007abe960b0) 
thrown [s\src\hotspot\share\interpreter\linkResolver.cpp, line 773]
Event: 38.561 Thread 0x00000238c8cb2a20 Exception <a 'java/lang/NoSuchMethodError'{0x00000007ab06fb50}: 'java.lang.Object java.lang.invoke.DirectMethodHandle$Holder.newInvokeSpecial(java.lang.Object, int, java.lang.Object, java.lang.Object)'> (0x00000007ab06fb50) 
thrown [s\src\hotspot\share\interpreter\linkResolver.cpp, line 773]
Event: 38.575 Thread 0x00000238c8cb2a20 Exception <a 'java/io/FileNotFoundException'{0x00000007ab0a1ca0}> (0x00000007ab0a1ca0) 
thrown [s\src\hotspot\share\prims\jni.cpp, line 520]
Event: 38.575 Thread 0x00000238c8cb2a20 Exception <a 'java/io/FileNotFoundException'{0x00000007ab0a2cd0}> (0x00000007ab0a2cd0) 
thrown [s\src\hotspot\share\prims\jni.cpp, line 520]
Event: 40.217 Thread 0x000002390f653fc0 Exception <a 'java/lang/NoClassDefFoundError'{0x00000007abd1b558}: javax/enterprise/inject/Typed> (0x00000007abd1b558) 
thrown [s\src\hotspot\share\classfile\systemDictionary.cpp, line 302]
Event: 41.340 Thread 0x00000238c8cb2a20 Exception <a 'java/lang/ClassNotFoundException'{0x00000007aab0c830}: com/sun/org/apache/xerces/internal/impl/msg/spi/DOMMessagesProvider> (0x00000007aab0c830) 
thrown [s\src\hotspot\share\classfile\systemDictionary.cpp, line 313]
Event: 41.350 Thread 0x00000238c8cb2a20 Exception <a 'java/lang/ClassNotFoundException'{0x00000007aab30c90}: com/sun/org/apache/xerces/internal/impl/msg/spi/XMLSerializerMessagesProvider> (0x00000007aab30c90) 
thrown [s\src\hotspot\share\classfile\systemDictionary.cpp, line 313]
Event: 41.353 Thread 0x00000238c8cb2a20 Exception <a 'java/lang/ClassNotFoundException'{0x00000007aab49010}: com/sun/org/apache/xerces/internal/impl/msg/spi/XMLMessagesProvider> (0x00000007aab49010) 
thrown [s\src\hotspot\share\classfile\systemDictionary.cpp, line 313]

ZGC Phase Switch (0 events):
No events

VM Operations (20 events):
Event: 35.209 Executing safepoint VM operation: CollectForMetadataAllocation (Metadata GC Threshold) done
Event: 36.179 Executing safepoint VM operation: ParallelGCFailedAllocation (Allocation Failure)
Event: 36.183 Executing safepoint VM operation: ParallelGCFailedAllocation (Allocation Failure) done
Event: 36.869 Executing non-safepoint VM operation: HandshakeAllThreads (Deoptimize)
Event: 36.869 Executing non-safepoint VM operation: HandshakeAllThreads (Deoptimize) done
Event: 37.266 Executing safepoint VM operation: ParallelGCFailedAllocation (Allocation Failure)
Event: 37.286 Executing safepoint VM operation: ParallelGCFailedAllocation (Allocation Failure) done
Event: 38.300 Executing safepoint VM operation: Cleanup
Event: 38.491 Executing safepoint VM operation: Cleanup done
Event: 38.528 Executing safepoint VM operation: ParallelGCFailedAllocation (Allocation Failure)
Event: 38.537 Executing safepoint VM operation: ParallelGCFailedAllocation (Allocation Failure) done
Event: 39.622 Executing safepoint VM operation: Cleanup
Event: 40.002 Executing safepoint VM operation: Cleanup done
Event: 40.138 Executing non-safepoint VM operation: HandshakeAllThreads (Deoptimize)
Event: 40.140 Executing non-safepoint VM operation: HandshakeAllThreads (Deoptimize) done
Event: 41.144 Executing safepoint VM operation: Cleanup
Event: 41.165 Executing safepoint VM operation: Cleanup done
Event: 41.255 Executing safepoint VM operation: ParallelGCFailedAllocation (Allocation Failure)
Event: 41.324 Executing safepoint VM operation: ParallelGCFailedAllocation (Allocation Failure) done
Event: 41.881 Executing non-safepoint VM operation: HandshakeAllThreads (Deoptimize)

Memory protections (0 events):
No events

Nmethod flushes (0 events):
No events

Events (20 events):
Event: 0.155 Thread 0x00000238ad94cc10 Thread added: 0x00000238c8c60a60
Event: 0.155 Thread 0x00000238ad94cc10 Thread added: 0x00000238c8c616c0
Event: 0.156 Thread 0x00000238ad94cc10 Thread added: 0x00000238c8c64130
Event: 0.156 Thread 0x00000238ad94cc10 Thread added: 0x00000238c8c64b90
Event: 0.156 Thread 0x00000238ad94cc10 Thread added: 0x00000238c8c65920
Event: 0.173 Thread 0x00000238ad94cc10 Thread added: 0x00000238c8cdeb90
Event: 1.542 Thread 0x00000238ad94cc10 Thread added: 0x000002390a598b90
Event: 4.241 Thread 0x00000238ad94cc10 Thread added: 0x000002390a5a3c10
Event: 15.021 Thread 0x00000238ad94cc10 Thread added: 0x000002390a7ee3b0
Event: 16.510 Thread 0x00000238ad94cc10 Thread added: 0x000002390f40dc80
Event: 17.250 Thread 0x000002390f40dc80 Thread added: 0x00000238c8cb56d0
Event: 17.307 Thread 0x00000238ad94cc10 Thread added: 0x00000238c8cb2a20
Event: 21.606 Thread 0x00000238c8cb2a20 Thread added: 0x000002390f90ff00
Event: 24.158 Thread 0x00000238c8cb2a20 Thread added: 0x000002390f6ca370
Event: 27.489 Thread 0x00000238c8cb2a20 Thread added: 0x000002390a47b660
Event: 32.557 Thread 0x00000238c8cb2a20 Thread added: 0x000002390f653930
Event: 32.903 Thread 0x00000238c8cb2a20 Thread added: 0x000002390f656720
Event: 32.950 Thread 0x00000238c8cb2a20 Thread added: 0x000002390f653fc0
Event: 37.259 Thread 0x000002390f656720 Thread added: 0x000002390f656090
Event: 41.658 Thread 0x00000238c8cb2a20 Thread added: 0x000002390f654ce0


Dynamic libraries:
0x00007ff77e3c0000 - 0x00007ff77e3ce000 	c:\Users\55819\.vscode\extensions\redhat.java-1.56.0-win32-x64\jre\21.0.12.1-win32-x86_64\bin\java.exe
0x00007ffea20a0000 - 0x00007ffea2307000 	C:\WINDOWS\SYSTEM32\ntdll.dll
0x00007ffea1b40000 - 0x00007ffea1c0b000 	C:\WINDOWS\System32\KERNEL32.DLL
0x00007ffe9f360000 - 0x00007ffe9f762000 	C:\WINDOWS\System32\KERNELBASE.dll
0x00007ffe9fbb0000 - 0x00007ffe9fcfc000 	C:\WINDOWS\System32\ucrtbase.dll
0x00007ffe33560000 - 0x00007ffe33578000 	c:\Users\55819\.vscode\extensions\redhat.java-1.56.0-win32-x64\jre\21.0.12.1-win32-x86_64\bin\jli.dll
0x00007ffea0760000 - 0x00007ffea092f000 	C:\WINDOWS\System32\USER32.dll
0x00007ffe9f330000 - 0x00007ffe9f357000 	C:\WINDOWS\System32\win32u.dll
0x00007ffea1040000 - 0x00007ffea106b000 	C:\WINDOWS\System32\GDI32.dll
0x00007ffe9f770000 - 0x00007ffe9f899000 	C:\WINDOWS\System32\gdi32full.dll
0x00007ffe9fd10000 - 0x00007ffe9fdb3000 	C:\WINDOWS\System32\msvcp_win.dll
0x00007ffe314a0000 - 0x00007ffe314be000 	c:\Users\55819\.vscode\extensions\redhat.java-1.56.0-win32-x64\jre\21.0.12.1-win32-x86_64\bin\VCRUNTIME140.dll
0x00007ffe8b2c0000 - 0x00007ffe8b550000 	C:\WINDOWS\WinSxS\amd64_microsoft.windows.common-controls_6595b64144ccf1df_6.0.26100.9278_none_3e0d1ba8e3303201\COMCTL32.dll
0x00007ffe9fea0000 - 0x00007ffe9ff49000 	C:\WINDOWS\System32\msvcrt.dll
0x00007ffea1b00000 - 0x00007ffea1b31000 	C:\WINDOWS\System32\IMM32.DLL
0x00007ffe90670000 - 0x00007ffe9067c000 	c:\Users\55819\.vscode\extensions\redhat.java-1.56.0-win32-x64\jre\21.0.12.1-win32-x86_64\bin\vcruntime140_1.dll
0x00007ffe20fe0000 - 0x00007ffe2106d000 	c:\Users\55819\.vscode\extensions\redhat.java-1.56.0-win32-x64\jre\21.0.12.1-win32-x86_64\bin\msvcp140.dll
0x00007ffdf40f0000 - 0x00007ffdf4e92000 	c:\Users\55819\.vscode\extensions\redhat.java-1.56.0-win32-x64\jre\21.0.12.1-win32-x86_64\bin\server\jvm.dll
0x00007ffe9fdc0000 - 0x00007ffe9fe7c000 	C:\WINDOWS\System32\ADVAPI32.dll
0x00007ffea1c10000 - 0x00007ffea1cb9000 	C:\WINDOWS\System32\sechost.dll
0x00007ffea00f0000 - 0x00007ffea0208000 	C:\WINDOWS\System32\RPCRT4.dll
0x00007ffea12d0000 - 0x00007ffea1350000 	C:\WINDOWS\System32\WS2_32.dll
0x00007ffe9f100000 - 0x00007ffe9f15e000 	C:\WINDOWS\SYSTEM32\POWRPROF.dll
0x00007ffe7bdc0000 - 0x00007ffe7bdf6000 	C:\WINDOWS\SYSTEM32\WINMM.dll
0x00007ffe8d580000 - 0x00007ffe8d58b000 	C:\WINDOWS\SYSTEM32\VERSION.dll
0x00007ffe9f0e0000 - 0x00007ffe9f0f5000 	C:\WINDOWS\SYSTEM32\UMPDC.dll
0x00007ffe9df70000 - 0x00007ffe9df8b000 	C:\WINDOWS\SYSTEM32\kernel.appcore.dll
0x00007ffe8f250000 - 0x00007ffe8f25a000 	c:\Users\55819\.vscode\extensions\redhat.java-1.56.0-win32-x64\jre\21.0.12.1-win32-x86_64\bin\jimage.dll
0x00007ffe9c840000 - 0x00007ffe9ca8c000 	C:\WINDOWS\SYSTEM32\DBGHELP.DLL
0x00007ffea03d0000 - 0x00007ffea0755000 	C:\WINDOWS\System32\combase.dll
0x00007ffea02d0000 - 0x00007ffea03a9000 	C:\WINDOWS\System32\OLEAUT32.dll
0x00007ffe89c00000 - 0x00007ffe89c3b000 	C:\WINDOWS\SYSTEM32\dbgcore.DLL
0x00007ffe9faf0000 - 0x00007ffe9fb9c000 	C:\WINDOWS\System32\bcryptPrimitives.dll
0x00007ffe8f210000 - 0x00007ffe8f21f000 	c:\Users\55819\.vscode\extensions\redhat.java-1.56.0-win32-x64\jre\21.0.12.1-win32-x86_64\bin\instrument.dll
0x00007ffe31010000 - 0x00007ffe31030000 	c:\Users\55819\.vscode\extensions\redhat.java-1.56.0-win32-x64\jre\21.0.12.1-win32-x86_64\bin\java.dll
0x00007ffea1360000 - 0x00007ffea1af8000 	C:\WINDOWS\System32\SHELL32.dll
0x00007ffe9cd40000 - 0x00007ffe9d5ee000 	C:\WINDOWS\SYSTEM32\windows.storage.dll
0x00007ffea1ec0000 - 0x00007ffea1fbb000 	C:\WINDOWS\System32\SHCORE.dll
0x00007ffea0210000 - 0x00007ffea0276000 	C:\WINDOWS\System32\shlwapi.dll
0x00007ffe9f1c0000 - 0x00007ffe9f1e9000 	C:\WINDOWS\SYSTEM32\profapi.dll
0x00007ffe2ee80000 - 0x00007ffe2ee98000 	c:\Users\55819\.vscode\extensions\redhat.java-1.56.0-win32-x64\jre\21.0.12.1-win32-x86_64\bin\zip.dll
0x00007ffe8f070000 - 0x00007ffe8f080000 	C:\Users\55819\.vscode\extensions\redhat.java-1.56.0-win32-x64\jre\21.0.12.1-win32-x86_64\bin\net.dll
0x00007ffe8d2f0000 - 0x00007ffe8d41a000 	C:\WINDOWS\SYSTEM32\WINHTTP.dll
0x00007ffe9e530000 - 0x00007ffe9e59c000 	C:\WINDOWS\system32\mswsock.dll
0x00007ffe2e850000 - 0x00007ffe2e866000 	C:\Users\55819\.vscode\extensions\redhat.java-1.56.0-win32-x64\jre\21.0.12.1-win32-x86_64\bin\nio.dll
0x00007ffe8e180000 - 0x00007ffe8e190000 	c:\Users\55819\.vscode\extensions\redhat.java-1.56.0-win32-x64\jre\21.0.12.1-win32-x86_64\bin\verify.dll
0x00007ffe203c0000 - 0x00007ffe20405000 	C:\Users\55819\AppData\Roaming\Code\User\globalStorage\redhat.java\1.56.0\config_win\org.eclipse.equinox.launcher\org.eclipse.equinox.launcher.win32.win32.x86_64_1.3.100.v20260804-1928\eclipse_11924.dll
0x00007ffe9ff50000 - 0x00007ffea00ea000 	C:\WINDOWS\System32\ole32.dll
0x00007ffe9e820000 - 0x00007ffe9e83b000 	C:\WINDOWS\SYSTEM32\CRYPTSP.dll
0x00007ffe9ded0000 - 0x00007ffe9df09000 	C:\WINDOWS\system32\rsaenh.dll
0x00007ffe9e5e0000 - 0x00007ffe9e614000 	C:\WINDOWS\SYSTEM32\USERENV.dll
0x00007ffe9f190000 - 0x00007ffe9f1ba000 	C:\WINDOWS\SYSTEM32\bcrypt.dll
0x00007ffe9e840000 - 0x00007ffe9e84c000 	C:\WINDOWS\SYSTEM32\CRYPTBASE.dll
0x00007ffe9d9f0000 - 0x00007ffe9da23000 	C:\WINDOWS\SYSTEM32\IPHLPAPI.DLL
0x00007ffea1eb0000 - 0x00007ffea1eba000 	C:\WINDOWS\System32\NSI.dll
0x00007ffe8a5a0000 - 0x00007ffe8a5e9000 	C:\Users\55819\AppData\Local\Temp\jna-50580928\jna18418361585749302206.dll
0x00007ffea1fc0000 - 0x00007ffea1fc8000 	C:\WINDOWS\System32\PSAPI.DLL

JVMTI agents:
c:\Users\55819\.vscode\extensions\redhat.java-1.56.0-win32-x64\lombok\lombok-1.18.39-4050.jar path:c:\Users\55819\.vscode\extensions\redhat.java-1.56.0-win32-x64\jre\21.0.12.1-win32-x86_64\bin\instrument.dll, loaded, initialized, instrumentlib options:none

dbghelp: loaded successfully - version: 4.0.5 - missing functions: none
symbol engine: initialized successfully - sym options: 0x614 - pdb path: .;c:\Users\55819\.vscode\extensions\redhat.java-1.56.0-win32-x64\jre\21.0.12.1-win32-x86_64\bin;C:\WINDOWS\SYSTEM32;C:\WINDOWS\WinSxS\amd64_microsoft.windows.common-controls_6595b64144ccf1df_6.0.26100.9278_none_3e0d1ba8e3303201;c:\Users\55819\.vscode\extensions\redhat.java-1.56.0-win32-x64\jre\21.0.12.1-win32-x86_64\bin\server;C:\Users\55819\AppData\Roaming\Code\User\globalStorage\redhat.java\1.56.0\config_win\org.eclipse.equinox.launcher\org.eclipse.equinox.launcher.win32.win32.x86_64_1.3.100.v20260804-1928;C:\Users\55819\AppData\Local\Temp\jna-50580928

VM Arguments:
jvm_args: --add-modules=ALL-SYSTEM --add-opens=java.base/java.util=ALL-UNNAMED --add-opens=java.base/java.lang=ALL-UNNAMED --add-opens=java.base/sun.nio.fs=ALL-UNNAMED -Declipse.application=org.eclipse.jdt.ls.core.id1 -Dosgi.bundles.defaultStartLevel=4 -Declipse.product=org.eclipse.jdt.ls.core.product -Djava.import.generatesMetadataFilesAtProjectRoot=false -Dm2e.project.cache.size=50 -DDetectVMInstallationsJob.disabled=true -Dfile.encoding=utf8 -XX:+UseParallelGC -XX:GCTimeRatio=4 -XX:AdaptiveSizePolicyWeight=90 -Dsun.zip.disableMemoryMapping=true -Xmx4G -Xms100m -Xlog:disable -javaagent:c:\Users\55819\.vscode\extensions\redhat.java-1.56.0-win32-x64\lombok\lombok-1.18.39-4050.jar -XX:+HeapDumpOnOutOfMemoryError -XX:HeapDumpPath=c:\Users\55819\AppData\Roaming\Code\User\workspaceStorage\626599fb12614638a37c717de37c446c\redhat.java -Daether.dependencyCollector.impl=bf 
java_command: c:\Users\55819\.vscode\extensions\redhat.java-1.56.0-win32-x64\server\plugins\org.eclipse.equinox.launcher_1.8.0.v20260804-1928.jar -configuration c:\Users\55819\AppData\Roaming\Code\User\globalStorage\redhat.java\1.56.0\config_win -data c:\Users\55819\AppData\Roaming\Code\User\workspaceStorage\626599fb12614638a37c717de37c446c\redhat.java\jdt_ws --stdio
java_class_path (initial): c:\Users\55819\.vscode\extensions\redhat.java-1.56.0-win32-x64\server\plugins\org.eclipse.equinox.launcher_1.8.0.v20260804-1928.jar
Launcher Type: SUN_STANDARD

[Global flags]
    uintx AdaptiveSizePolicyWeight                 = 90                                        {product} {command line}
     intx CICompilerCount                          = 2                                         {product} {ergonomic}
    uintx GCTimeRatio                              = 4                                         {product} {command line}
     bool HeapDumpOnOutOfMemoryError               = true                                   {manageable} {command line}
    ccstr HeapDumpPath                             = c:\Users\55819\AppData\Roaming\Code\User\workspaceStorage\626599fb12614638a37c717de37c446c\redhat.java         {manageable} {command line}
   size_t InitialHeapSize                          = 104857600                                 {product} {command line}
   size_t MaxHeapSize                              = 4294967296                                {product} {command line}
   size_t MaxNewSize                               = 1431306240                                {product} {ergonomic}
   size_t MinHeapDeltaBytes                        = 524288                                    {product} {ergonomic}
   size_t MinHeapSize                              = 104857600                                 {product} {command line}
   size_t NewSize                                  = 34603008                                  {product} {ergonomic}
    uintx NonNMethodCodeHeapSize                   = 5826188                                {pd product} {ergonomic}
    uintx NonProfiledCodeHeapSize                  = 122916026                              {pd product} {ergonomic}
   size_t OldSize                                  = 70254592                                  {product} {ergonomic}
    uintx ProfiledCodeHeapSize                     = 122916026                              {pd product} {ergonomic}
    uintx ReservedCodeCacheSize                    = 251658240                              {pd product} {ergonomic}
     bool SegmentedCodeCache                       = true                                      {product} {ergonomic}
   size_t SoftMaxHeapSize                          = 4294967296                             {manageable} {ergonomic}
     bool UseCompressedOops                        = true                           {product lp64_product} {ergonomic}
     bool UseLargePagesIndividualAllocation        = false                                  {pd product} {ergonomic}
     bool UseParallelGC                            = true                                      {product} {command line}

Logging:
Log output configuration:
 #0: stdout all=off uptime,level,tags foldmultilines=false
 #1: stderr all=off uptime,level,tags foldmultilines=false

Release file:
JAVA_VERSION="21.0.12.1" 
MODULES="java.base java.compiler java.datatransfer java.xml java.prefs java.desktop java.instrument java.logging java.management java.security.sasl java.naming java.rmi java.management.rmi java.net.http java.scripting java.security.jgss java.transaction.xa java.sql java.sql.rowset java.xml.crypto java.se java.smartcardio jdk.accessibility jdk.internal.jvmstat jdk.attach jdk.charsets jdk.internal.opt jdk.zipfs jdk.compiler jdk.crypto.ec jdk.crypto.cryptoki jdk.crypto.mscapi jdk.dynalink jdk.internal.ed jdk.editpad jdk.hotspot.agent jdk.httpserver jdk.internal.le jdk.internal.vm.ci jdk.internal.vm.compiler jdk.internal.vm.compiler.management jdk.jartool jdk.javadoc jdk.jcmd jdk.management jdk.management.agent jdk.jconsole jdk.jdeps jdk.jdwp.agent jdk.jdi jdk.jfr jdk.jshell jdk.jsobject jdk.jstatd jdk.localedata jdk.management.jfr jdk.naming.dns jdk.naming.rmi jdk.net jdk.nio.mapmode jdk.random jdk.sctp jdk.security.auth jdk.security.jgss jdk.unsupported jdk.unsupported.desktop jdk.xml.dom" 

Environment Variables:
PATH=C:\Program Files\Common Files\Oracle\Java\javapath;C:\WINDOWS\system32;C:\WINDOWS;C:\WINDOWS\System32\Wbem;C:\WINDOWS\System32\WindowsPowerShell\v1.0\;C:\WINDOWS\System32\OpenSSH\;C:\Program Files\dotnet\;C:\Program Files\dotnet\;C:\Program Files\Git\cmd;C:\Program Files\MySQL\MySQL Shell 8.0\bin\;C:\Users\55819\AppData\Local\Microsoft\WindowsApps;C:\Users\55819\AppData\Local\Programs\Microsoft VS Code\bin;C:\Users\55819\.dotnet\tools;C:\Program Files\MySQL\MySQL Server 8.0\bin;C:\Program Files\nodejs\;C:\Users\55819\AppData\Local\Python\pythoncore-3.14-64\Scripts;C:\Program Files\Java\jdk-21.0.12.1;%MAVEN_HOME%\bin;C:\Program Files\MySQL\MySQL Shell 8.0\bin\;C:\Users\55819\AppData\Local\Microsoft\WindowsApps;C:\Users\55819\AppData\Local\Programs\Microsoft VS Code\bin;C:\Users\55819\.dotnet\tools;C:\Users\55819\AppData\Roaming\npm;C:\Users\55819\AppData\Local\Python\bin;C:\Users\55819\AppData\Local\Python\pythoncore-3.14-64\Scripts;C:\Program Files\Java\jdk-21.0.12.1;C:\maven\apache-maven-3.9.16-bin\apache-maven-3.9.16\bin;
USERNAME=55819
OS=Windows_NT
PROCESSOR_IDENTIFIER=Intel64 Family 6 Model 122 Stepping 8, GenuineIntel
TMP=C:\Users\55819\AppData\Local\Temp
TEMP=C:\Users\55819\AppData\Local\Temp




Periodic native trim disabled

---------------  S Y S T E M  ---------------

OS:
 Windows 11 , 64 bit Build 26100 (10.0.26100.9444)
OS uptime: 3 days 23:43 hours

CPU: total 2 (initial active 2) (2 cores per cpu, 1 threads per core) family 6 model 122 stepping 8 microcode 0x1a, cx8, cmov, fxsr, mmx, 3dnowpref, sse, sse2, sse3, ssse3, sse4.1, sse4.2, popcnt, tsc, tscinvbit, aes, erms, clmul, sha, clflush, clflushopt, rdtscp, rdpid
Processor Information for the first 2 processors :
  Max Mhz: 1101, Current Mhz: 1101, Mhz Limit: 1101

Memory: 4k page, system-wide physical 3902M (115M free)
TotalPageFile size 15678M (AvailPageFile size 0M)
current process WorkingSet (physical memory assigned to process): 170M, peak: 172M
current process commit charge ("private bytes"): 354M, peak: 355M

vm_info: OpenJDK 64-Bit Server VM (21.0.12.1+1-LTS) for windows-amd64 JRE (21.0.12.1+1-LTS), built on 2026-08-18T00:00:00Z by "admin" with MS VC++ 17.12 (VS2022)

END.
